[Licensing::Module] Trying to connect to existing licensing client channel...
Built from '6000.5/staging' branch; Version is '6000.5.10f1 (3bd4f66ad299) revision 3921142'; Using compiler version '194234433'; Build Type 'Release'
[Licensing::IpcConnector] Successfully connected to: "LicenseClient-KCC" at "2026-09-05T13:27:54.4086547Z"
OS: 'Windows 11  (10.0.26100) Professional' Language: 'vi' Physical Memory: 32681 MB
BatchMode: 1, IsHumanControllingUs: 0, StartBugReporterOnCrash: 0, Is64bit: 1
System  architecture: x64
Process architecture: x64
Date: 2026-09-05T13:27:54Z

COMMAND LINE ARGUMENTS:
C:\Program Files\Unity\Hub\Editor\6000.5.10f1\Editor\Unity.exe
-adb2
-batchMode
-noUpm
-name
AssetImportWorkerHW0
-projectPath
C:/Users/KCC/Desktop/helloworld3
-logFile
Logs/AssetImportWorkerHW0.log
-srvPort
64428
-parentPid
2160
-analyticsCloudUserId
anonymous
-analyticsCloudProjectId
3a01e64d-8bb3-49aa-b85c-e7801a30071f
-analyticsLocalProjectId
f14f77364c1b7c347b1bac7f0795b7f5
-editorAnalyticsEnabled
1
-cbmEditorLicense
6b55408558f6660270a5f04bf9d7a90f929942fd
-cbmMachineId
b81r1gtZzT7px6ZDd0Su8KamPRM=
-licensingIpc
LicenseClient-KCC
-noDiagnosticSwitchPersistentStore
-job-worker-count
5
-background-job-worker-count
8
-asset-garbage-collectors
1
-force-d3d12
-name
AssetImport
Successfully changed project path to: C:/Users/KCC/Desktop/helloworld3
C:/Users/KCC/Desktop/helloworld3
[UnityMemory] Configuration Parameters - Can be set up in boot.config
    "memorysetup-temp-allocator-size-gi-baking-worker=262144"
    "memorysetup-temp-allocator-size-gi-baking-worker=262144"
    "memorysetup-temp-allocator-size-gi-baking-worker=262144"
    "memorysetup-temp-allocator-size-gi-baking-worker=262144"
    "memorysetup-temp-allocator-size-gi-baking-worker=262144"
    "memorysetup-temp-allocator-size-nav-mesh-worker=65536"
    "memorysetup-temp-allocator-size-audio-worker=65536"
    "memorysetup-temp-allocator-size-cloud-worker=32768"
    "memorysetup-temp-allocator-size-gfx=262144"
    "memorysetup-remapper-allocator-initial-capacity=32768"
    "memorysetup-temp-allocator-size-preload-manager=33554432"
    "memorysetup-allocator-temp-initial-block-size-main=262144"
    "memorysetup-allocator-temp-initial-block-size-worker=262144"
    "memorysetup-temp-allocator-size-job-worker=262144"
    "memorysetup-temp-allocator-size-background-worker=32768"
    "memorysetup-bucket-allocator-granularity=16"
    "memorysetup-bucket-allocator-bucket-count=8"
    "memorysetup-bucket-allocator-block-size=33554432"
    "memorysetup-bucket-allocator-block-count=8"
    "memorysetup-main-allocator-block-size=16777216"
    "memorysetup-thread-allocator-block-size=16777216"
    "memorysetup-main-allocator-mimalloc-enabled=0"
    "memorysetup-gfx-main-allocator-block-size=16777216"
    "memorysetup-gfx-thread-allocator-block-size=16777216"
    "memorysetup-cache-allocator-block-size=4194304"
    "memorysetup-typetree-allocator-block-size=2097152"
    "memorysetup-profiler-bucket-allocator-granularity=16"
    "memorysetup-profiler-bucket-allocator-bucket-count=8"
    "memorysetup-profiler-bucket-allocator-block-size=33554432"
    "memorysetup-profiler-bucket-allocator-block-count=8"
    "memorysetup-profiler-allocator-block-size=16777216"
    "memorysetup-profiler-editor-allocator-block-size=1048576"
    "memorysetup-temp-allocator-size-main=16777216"
    "memorysetup-job-temp-allocator-block-size=2097152"
    "memorysetup-job-temp-allocator-block-size-background=1048576"
    "memorysetup-job-temp-allocator-reduction-small-platforms=262144"
Player connection [14724]  Target information:

Player connection [14724]  * "[IP] 192.168.1.102 [Port] 0 [Flags] 2 [Guid] 3755996748 [EditorId] 3755996748 [Version] 1048832 [Id] WindowsEditor(7,DESKTOP-QJ2ATO5) [Debug] 1 [PackageName] WindowsEditor [ProjectName] Editor" 

Player connection [14724]  * "[IP] 26.191.9.105 [Port] 0 [Flags] 2 [Guid] 3755996748 [EditorId] 3755996748 [Version] 1048832 [Id] WindowsEditor(7,DESKTOP-QJ2ATO5) [Debug] 1 [PackageName] WindowsEditor [ProjectName] Editor" 

Player connection [14724] Host joined multi-casting on [225.0.0.222:54997]...
Player connection [14724] Host joined alternative multi-casting on [225.0.0.222:34997]...
JobSystem: Creating JobQueue using job-worker-count value 5
Input System module state changed to: Initialized.
[Physics::Module] Initialized fallback backend.
[Physics::Module] Id: 0xdecafbad
Library Redirect Path: Library/
[Physics::Module] Selected backend.
[Physics::Module] Name: PhysX
[Physics::Module] Id: 0xf2b8ea05
[Physics::Module] SDK Version: 4.1.2
[Physics::Module] Integration Version: 1.0.0
[Physics::Module] Threading Mode: Multi-Threaded
Refreshing native plugins compatible for Editor in 5.95 ms, found 5 plugins.
Initialize engine version: 6000.5.10f1 (3bd4f66ad299)
[Subsystems] Discovering subsystems at path C:/Program Files/Unity/Hub/Editor/6000.5.10f1/Editor/Data/Resources/UnitySubsystems
[Subsystems] Discovering subsystems at path C:/Users/KCC/Desktop/helloworld3/Assets
Forcing GfxDevice: Direct3D 12
GfxDevice: creating device client; kGfxThreadingModeNonThreaded
d3d12: failed to query info queue interface (0x80004002).
Direct3D:
    Version:         Direct3D 12 [level 12.2]
    Renderer:        NVIDIA GeForce RTX 3060 (ID=0x2504)
    Vendor:          NVIDIA
    VRAM:            12115 MB
    App VRAM Budget: 11347 MB
    Driver:          32.0.15.9186
Initialize mono
Mono path[0] = 'C:/Program Files/Unity/Hub/Editor/6000.5.10f1/Editor/Data/Managed'
Mono path[1] = 'C:/Program Files/Unity/Hub/Editor/6000.5.10f1/Editor/Data/BCLExtensions/runtime/netstandard2.1'
Mono path[2] = 'C:/Program Files/Unity/Hub/Editor/6000.5.10f1/Editor/Data/MonoBleedingEdge/lib/mono/unityjit-win32'
Mono config path = 'C:/Program Files/Unity/Hub/Editor/6000.5.10f1/Editor/Data/MonoBleedingEdge/etc'
Using monoOptions --debugger-agent=transport=dt_socket,embedding=1,server=y,suspend=n,address=127.0.0.1:56272
CodeReloadManager initialized
Begin MonoManager ReloadAssembly
Registering precompiled unity dll's ...
Register platform support module: C:/Program Files/Unity/Hub/Editor/6000.5.10f1/Editor/Data/PlaybackEngines/WindowsStandaloneSupport/UnityEditor.WindowsStandalone.Extensions.dll
Registered in 0.003452 seconds.
Native extension for WindowsStandalone target not found
Package Manager log level set to [2]
[Package Manager] Failed to launch server process. Reason: Unity was launched with the -noUpm command-line argument
[Package Manager] Unable to send message (not connected to server process).
[Package Manager] Cannot connect to Unity Package Manager local server
[Licensing::Client] Error: HandshakeResponse reported an error:
	ResponseCode: 505
	ResponseStatus: Unsupported protocol version '1.18.3'.
[Licensing::Module] Error: Failed to handshake to channel: "LicenseClient-KCC"
[Licensing::IpcConnector] LicenseClient-KCC channel disconnected successfully.
[Licensing::IpcConnector] Successfully connected to: "LicenseClient-KCC-6000.5.10" at "2026-09-05T13:27:56.3487379Z"
[Licensing::Client] Code 10 while verifying Licensing Client signature (process Id: 1428, path: "C:/Program Files/Unity/Hub/Editor/6000.5.10f1/Editor/Data/Resources/Licensing/Client/Unity.Licensing.Client.exe")
[Licensing::Module] LicensingClient has failed validation; ignoring
[Licensing::Client] Handshaking with LicensingClient:
  Version:                 1.18.3+d7ffd15
  Session Id:              f6448df2cc5b4e77b8049fa50a101e9c
  Correlation Id:          eeb2ad8757cca858e412a019fb831e8e
  External correlation Id: 6622831082331100518
  Machine Id:              b81r1gtZzT7px6ZDd0Su8KamPRM=
[Licensing::Module] Successfully connected to LicensingClient on channel: "LicenseClient-KCC-6000.5.10" (connect: 0.00s, validation: 0.00s, handshake: 0.01s)
[Licensing::IpcConnector] Successfully connected to: "LicenseClient-KCC-6000.5.10-notifications" at "2026-09-05T13:27:56.3600229Z"
[Licensing::Module] Licensing Background thread has ended after 1.95s
ScheduleIndexationOnStartup MainProcess:False IndexOnStartup:True
Mono: successfully reloaded assembly
- Finished resetting the current domain, in  0.893 seconds
Domain Reload Profiling: 1591ms
	BeginReloadAssembly (171ms)
	RebuildCommonClasses (5ms)
	RebuildNativeTypeToScriptingClass (22ms)
	initialDomainReloadingComplete (91ms)
	LoadAllAssembliesAndSetupDomain (407ms)
		LoadAssemblies (164ms)
		AnalyzeDomain (291ms)
			TypeCache.Refresh (289ms)
				TypeCache.ScanAssembly (270ms)
	FinalizeReload (894ms)
		SetupLoadedEditorAssemblies (0ms)
			InitializePlatformSupportModulesInManaged (6ms)
			BeforeProcessingInitializeOnLoad (169ms)
			ProcessInitializeOnLoadAttributes (186ms)
			ProcessInitializeOnLoadMethodAttributes (380ms)
Initializing Unity extensions:
[Licensing::Client] Successfully resolved entitlement details
[Licensing::Module] License group:
  Id: 14569335035536-UnityPersXXXX
  Product: Unity Personal
  Type: Assigned
  Expiration: Unlimited
Curl error 3: URL rejected: Malformed input to a URL function
========================================================================
Worker process is ready to serve import requests
Import Worker Mode flag is 0x00
Begin MonoManager ReloadAssembly
Refreshing native plugins compatible for Editor in 3.51 ms, found 5 plugins.
Native extension for WindowsStandalone target not found
[Package Manager] Failed to launch server process. Reason: Unity was launched with the -noUpm command-line argument
[Package Manager] Unable to send message (not connected to server process).
[Package Manager] Cannot connect to Unity Package Manager local server
Refreshing native plugins compatible for Editor in 3.48 ms, found 5 plugins.
[Package Manager] Failed to launch server process. Reason: Unity was launched with the -noUpm command-line argument
[Package Manager] Unable to send message (not connected to server process).
[Package Manager] Cannot connect to Unity Package Manager local server
ScheduleIndexationOnStartup MainProcess:False IndexOnStartup:True
Mono: successfully reloaded assembly
- Finished resetting the current domain, in  1.080 seconds
Domain Reload Profiling: 2365ms
	BeginReloadAssembly (247ms)
		DisableScriptedObjects (12ms)
		CreateAndSetChildDomain (38ms)
	RebuildCommonClasses (10ms)
	RebuildNativeTypeToScriptingClass (22ms)
	initialDomainReloadingComplete (82ms)
	LoadAllAssembliesAndSetupDomain (923ms)
		LoadAssemblies (465ms)
		AnalyzeDomain (412ms)
			TypeCache.Refresh (307ms)
				TypeCache.ScanAssembly (287ms)
			BuildScriptInfoCaches (96ms)
			ResolveRequiredComponents (7ms)
	FinalizeReload (1081ms)
		SetupLoadedEditorAssemblies (0ms)
			BeforeProcessingInitializeOnLoad (116ms)
			ProcessInitializeOnLoadAttributes (388ms)
			ProcessInitializeOnLoadMethodAttributes (316ms)
			AfterProcessingInitializeOnLoad (12ms)
		AwakeInstancesAfterBackupRestoration (8ms)
AcceleratorClientConnectionCallback - disconnected - :0
Launched and connected shader compiler UnityShaderCompiler.exe after 0.01 seconds
Refreshing native plugins compatible for Editor in 3.47 ms, found 5 plugins.
Unloading 22 Unused Serialized files (Serialized files now loaded: 0)
Curl error 3: URL rejected: Malformed input to a URL function
Unloading 7362 unused Assets / (6.0 MB). Loaded Objects now: 8372.
Memory consumption went from 357.2 MB to 351.2 MB.
Total: 11.485700 ms (FindLiveObjects: 0.886500 ms CreateObjectMapping: 1.894000 ms MarkObjects: 5.738500 ms  DeleteObjects: 2.964300 ms)

========================================================================
Received Prepare
AcceleratorClientConnectionCallback - disconnected - :0
Refreshing native plugins compatible for Editor in 3.54 ms, found 5 plugins.
Unloading 22 Unused Serialized files (Serialized files now loaded: 0)
Unloading 22 unused Assets / (2.6 MB). Loaded Objects now: 8372.
Memory consumption went from 349.1 MB to 346.5 MB.
Total: 6.648700 ms (FindLiveObjects: 0.444000 ms CreateObjectMapping: 0.366000 ms MarkObjects: 5.449400 ms  DeleteObjects: 0.388400 ms)

Prepare: number of updated asset objects reloaded= 0
========================================================================
Received Import Request.
  Time of request: 2026-09-05T13:28:19.4346399Z
  Time since last request: 3422.35622490000014 seconds.
  importAddress: GUID: 1077203bc8f73fc49ad0e24a3d5b48b3 - Path: Assets/Scenes/scrip/Idle_0.controller - Importer: PreviewImporter
Importing 'GUID: 1077203bc8f73fc49ad0e24a3d5b48b3 - Path: Assets/Scenes/scrip/Idle_0.controller - Importer: PreviewImporter' with importer (PreviewImporter)
Imported 'GUID: 1077203bc8f73fc49ad0e24a3d5b48b3' -> (Import Result ID: 'aee734e05e79fd698821cddbfe2e3d1b') in 0.024 seconds [static and dynamic dependencies]. Details - ImportResultOutputID=58961ac1bf2795d689e1ef818db222da DependenciesID=583e14531821780c4eaa193ad94cb5fa StaticDependenciesID=ad4d57e4a989b558f07d08c9c89dfa33 
Number of updated asset objects reloaded before import = 0
Number of asset objects unloaded after import = 6
========================================================================
Received Import Request.
  Time of request: 2026-09-05T13:28:22.1843264Z
  Time since last request: 2.7103843 seconds.
  importAddress: GUID: df5d071aec9c52a42a75def412f8dbc3 - Path: Assets/Scenes/scrip/idle.anim - Importer: PreviewImporter
Importing 'GUID: df5d071aec9c52a42a75def412f8dbc3 - Path: Assets/Scenes/scrip/idle.anim - Importer: PreviewImporter' with importer (PreviewImporter)
Imported 'GUID: df5d071aec9c52a42a75def412f8dbc3' -> (Import Result ID: 'bfe230458cca86bc6a77dd149c94110e') in 0.003 seconds [static and dynamic dependencies]. Details - ImportResultOutputID=420c2384917c2e9213a981ccc9c8a722 DependenciesID=4da69269ee6f8c59a96f8b6ec544cb07 StaticDependenciesID=86f329bf118e1309fe957bbf5dde6c90 
Number of updated asset objects reloaded before import = 0
Number of asset objects unloaded after import = 1
========================================================================
Received Import Request.
  Time of request: 2026-09-05T13:28:23.8928935Z
  Time since last request: 1.6896052 seconds.
  importAddress: GUID: cc1b010bf69eaa04dbc5f67eb4ec7bcf - Path: Assets/Scenes/scrip/dichuyen.cs - Importer: PreviewImporter
Importing 'GUID: cc1b010bf69eaa04dbc5f67eb4ec7bcf - Path: Assets/Scenes/scrip/dichuyen.cs - Importer: PreviewImporter' with importer (PreviewImporter)
Imported 'GUID: cc1b010bf69eaa04dbc5f67eb4ec7bcf' -> (Import Result ID: 'bc5014e87cf23f73ee02efd8c52ccd45') in 0.001 seconds [static and dynamic dependencies]. Details - ImportResultOutputID=d142b1d502d1266814b3be6e6ad4ba67 DependenciesID=ba0c201a6515a137a2e284bc077d7d48 StaticDependenciesID=88197a7175020148dc28b3e8f054e205 
Number of updated asset objects reloaded before import = 0
Number of asset objects unloaded after import = 0
========================================================================
Received Prepare
AcceleratorClientConnectionCallback - disconnected - :0
Refreshing native plugins compatible for Editor in 3.78 ms, found 5 plugins.
Unloading 22 Unused Serialized files (Serialized files now loaded: 0)
Unloading 7344 unused Assets / (5.9 MB). Loaded Objects now: 8374.
Memory consumption went from 355.6 MB to 349.8 MB.
Total: 11.322300 ms (FindLiveObjects: 0.929200 ms CreateObjectMapping: 1.627400 ms MarkObjects: 5.678900 ms  DeleteObjects: 3.086000 ms)

Prepare: number of updated asset objects reloaded= 0
========================================================================
Received Prepare
AcceleratorClientConnectionCallback - disconnected - :0
Begin MonoManager ReloadAssembly
Refreshing native plugins compatible for Editor in 3.38 ms, found 5 plugins.
Native extension for WindowsStandalone target not found
[Package Manager] Failed to launch server process. Reason: Unity was launched with the -noUpm command-line argument
[Package Manager] Unable to send message (not connected to server process).
[Package Manager] Cannot connect to Unity Package Manager local server
[Package Manager] Failed to launch server process. Reason: Unity was launched with the -noUpm command-line argument
[Package Manager] Unable to send message (not connected to server process).
[Package Manager] Cannot connect to Unity Package Manager local server
ScheduleIndexationOnStartup MainProcess:False IndexOnStartup:True
Mono: successfully reloaded assembly
- Finished resetting the current domain, in  1.005 seconds
Domain Reload Profiling: 2238ms
	BeginReloadAssembly (320ms)
		DisableScriptedObjects (24ms)
		CreateAndSetChildDomain (72ms)
	RebuildCommonClasses (10ms)
	RebuildNativeTypeToScriptingClass (21ms)
	initialDomainReloadingComplete (92ms)
	LoadAllAssembliesAndSetupDomain (790ms)
		LoadAssemblies (483ms)
		AnalyzeDomain (267ms)
			TypeCache.Refresh (14ms)
			BuildScriptInfoCaches (245ms)
			ResolveRequiredComponents (6ms)
	FinalizeReload (1006ms)
		SetupLoadedEditorAssemblies (0ms)
			InitializePlatformSupportModulesInManaged (3ms)
			BeforeProcessingInitializeOnLoad (121ms)
			ProcessInitializeOnLoadAttributes (364ms)
			ProcessInitializeOnLoadMethodAttributes (162ms)
			AfterProcessingInitializeOnLoad (14ms)
		AwakeInstancesAfterBackupRestoration (35ms)
Refreshing native plugins compatible for Editor in 3.58 ms, found 5 plugins.
Unloading 22 Unused Serialized files (Serialized files now loaded: 0)
Unloading 7359 unused Assets / (5.7 MB). Loaded Objects now: 8378.
Memory consumption went from 349.8 MB to 344.1 MB.
Total: 11.761100 ms (FindLiveObjects: 0.927500 ms CreateObjectMapping: 1.714900 ms MarkObjects: 6.036400 ms  DeleteObjects: 3.081000 ms)

Prepare: number of updated asset objects reloaded= 0
========================================================================
Received Import Request.
  Time of request: 2026-09-05T13:28:44.7328431Z
  Time since last request: 20.8267176 seconds.
  importAddress: GUID: ca7eb487de91d144ca029cb1527768ba - Path: Assets/Scenes/scrip/chay.anim - Importer: PreviewImporter
Importing 'GUID: ca7eb487de91d144ca029cb1527768ba - Path: Assets/Scenes/scrip/chay.anim - Importer: PreviewImporter' with importer (PreviewImporter)
Imported 'GUID: ca7eb487de91d144ca029cb1527768ba' -> (Import Result ID: '0eadaf8397cf2af4f04bb7f20199b602') in 0.024 seconds [static and dynamic dependencies]. Details - ImportResultOutputID=f141d5b2e3bbe8162ce9782d720001bb DependenciesID=0fe01be0d32cbaa783359dbce236c492 StaticDependenciesID=f13fd5e30817f382ef62ac96e79092cf 
Number of updated asset objects reloaded before import = 0
Number of asset objects unloaded after import = 1
========================================================================
Received Prepare
AcceleratorClientConnectionCallback - disconnected - :0
Refreshing native plugins compatible for Editor in 3.55 ms, found 5 plugins.
Unloading 22 Unused Serialized files (Serialized files now loaded: 0)
Unloading 22 unused Assets / (2.6 MB). Loaded Objects now: 8378.
Memory consumption went from 342.7 MB to 340.1 MB.
Total: 7.796300 ms (FindLiveObjects: 0.480100 ms CreateObjectMapping: 0.399900 ms MarkObjects: 6.514100 ms  DeleteObjects: 0.400900 ms)

Prepare: number of updated asset objects reloaded= 0
========================================================================
Received Import Request.
  Time of request: 2026-09-05T13:28:58.4319916Z
  Time since last request: 13.6598398 seconds.
  importAddress: GUID: 3f9215ea0144899419cfbc0957140d3f - Path: Assets/Settings/DefaultVolumeProfile.asset - Importer: PreviewImporter
Importing 'GUID: 3f9215ea0144899419cfbc0957140d3f - Path: Assets/Settings/DefaultVolumeProfile.asset - Importer: PreviewImporter' with importer (PreviewImporter)
Imported 'GUID: 3f9215ea0144899419cfbc0957140d3f' -> (Import Result ID: '5f213f918f33901ef4b7781a73e16891') in 0.002 seconds [static and dynamic dependencies]. Details - ImportResultOutputID=b32306543e69700a2ab7e8a5d8e7a284 DependenciesID=dd60df8d5cfd2792e15565f99932655c StaticDependenciesID=af74b99ca6b017b54cf234584a3fd4c8 
Number of updated asset objects reloaded before import = 0
Number of asset objects unloaded after import = 0
========================================================================
Received Import Request.
  Time of request: 2026-09-05T13:28:58.4613398Z
  Time since last request: 0.0152603 seconds.
  importAddress: GUID: 2bcd2660ca9b64942af0de543d8d7100 - Path: Assets/Settings/InputSystem_Actions.inputactions - Importer: PreviewImporter
Importing 'GUID: 2bcd2660ca9b64942af0de543d8d7100 - Path: Assets/Settings/InputSystem_Actions.inputactions - Importer: PreviewImporter' with importer (PreviewImporter)
Imported 'GUID: 2bcd2660ca9b64942af0de543d8d7100' -> (Import Result ID: '240106ca1df9c9688e18f6ea718c5cfe') in 0.004 seconds [static and dynamic dependencies]. Details - ImportResultOutputID=fbcb8ab420bbc1c44e477cac3c5525a4 DependenciesID=904749f99ea221280d1eee0b68c28ead StaticDependenciesID=e879829989f4d1158359be2e68427107 
Number of updated asset objects reloaded before import = 0
Number of asset objects unloaded after import = 19
========================================================================
Received Import Request.
  Time of request: 2026-09-05T13:28:58.4840751Z
  Time since last request: 0.0076951 seconds.
  importAddress: GUID: d03ed43fc9d8a4f2e9fa70c1c7916eb9 - Path: Assets/Settings/Lit2DSceneTemplate.scenetemplate - Importer: PreviewImporter
Importing 'GUID: d03ed43fc9d8a4f2e9fa70c1c7916eb9 - Path: Assets/Settings/Lit2DSceneTemplate.scenetemplate - Importer: PreviewImporter' with importer (PreviewImporter)
Imported 'GUID: d03ed43fc9d8a4f2e9fa70c1c7916eb9' -> (Import Result ID: '21a460f8b32c5fa9e72fa803e177613a') in 0.082 seconds [static and dynamic dependencies]. Details - ImportResultOutputID=84990d72a09b7417ef6a0b70935e49b7 DependenciesID=a8270a18022de533fa733c394138b571 StaticDependenciesID=794a9bbe463a377b62127f91c2e90e83 
Number of updated asset objects reloaded before import = 0
Number of asset objects unloaded after import = 4
========================================================================
Received Prepare
AcceleratorClientConnectionCallback - disconnected - :0
Refreshing native plugins compatible for Editor in 3.66 ms, found 5 plugins.
Unloading 22 Unused Serialized files (Serialized files now loaded: 0)
Unloading 7345 unused Assets / (5.7 MB). Loaded Objects now: 8381.
Memory consumption went from 348.7 MB to 342.9 MB.
Total: 12.307800 ms (FindLiveObjects: 0.912200 ms CreateObjectMapping: 1.676800 ms MarkObjects: 6.654000 ms  DeleteObjects: 3.064000 ms)

Prepare: number of updated asset objects reloaded= 0
========================================================================
Received Import Request.
  Time of request: 2026-09-05T13:29:32.0167421Z
  Time since last request: 33.4390833 seconds.
  importAddress: GUID: 2767337319f8a9849889a396a47982c9 - Path: Assets/Scenes/sprite/test.cs - Importer: ScriptedImporter/UnityEditor.QuickSearchModule:UnityEditor.Search:ASIAI0B
Importing 'GUID: 2767337319f8a9849889a396a47982c9 - Path: Assets/Scenes/sprite/test.cs - Importer: ScriptedImporter/UnityEditor.QuickSearchModule:UnityEditor.Search:ASIAI0B' with importer (ScriptedImporter : UnityEditor.QuickSearchModule:UnityEditor.Search:ASIAI0B)
Imported 'GUID: 2767337319f8a9849889a396a47982c9' -> (Import Result ID: '4880f5324cba06b2962f08f471474542') in 0.073 seconds [static and dynamic dependencies]. Details - ImportResultOutputID=f2f44ccbdf301dce7fee2119f645f7bb DependenciesID=9ac2cc28483487b2de68c8feb9a30421 StaticDependenciesID=731becc1a568bcd8a935db00d5b7e07d 
Number of updated asset objects reloaded before import = 0
Number of asset objects unloaded after import = 0
========================================================================
Received Prepare
AcceleratorClientConnectionCallback - disconnected - :0
[Licensing::Client] Successfully resolved entitlement details
Begin MonoManager ReloadAssembly
Refreshing native plugins compatible for Editor in 4.27 ms, found 5 plugins.
Native extension for WindowsStandalone target not found
[Package Manager] Failed to launch server process. Reason: Unity was launched with the -noUpm command-line argument
[Package Manager] Unable to send message (not connected to server process).
[Package Manager] Cannot connect to Unity Package Manager local server
[Package Manager] Failed to launch server process. Reason: Unity was launched with the -noUpm command-line argument
[Package Manager] Unable to send message (not connected to server process).
[Package Manager] Cannot connect to Unity Package Manager local server
ScheduleIndexationOnStartup MainProcess:False IndexOnStartup:True
Mono: successfully reloaded assembly
- Finished resetting the current domain, in  0.930 seconds
Domain Reload Profiling: 2153ms
	BeginReloadAssembly (303ms)
		DisableScriptedObjects (21ms)
		CreateAndSetChildDomain (65ms)
	RebuildCommonClasses (12ms)
	RebuildNativeTypeToScriptingClass (21ms)
	initialDomainReloadingComplete (92ms)
	LoadAllAssembliesAndSetupDomain (794ms)
		LoadAssemblies (478ms)
		AnalyzeDomain (276ms)
			TypeCache.Refresh (12ms)
			BuildScriptInfoCaches (256ms)
			ResolveRequiredComponents (6ms)
	FinalizeReload (932ms)
		SetupLoadedEditorAssemblies (0ms)
			BeforeProcessingInitializeOnLoad (109ms)
			ProcessInitializeOnLoadAttributes (351ms)
			ProcessInitializeOnLoadMethodAttributes (156ms)
			AfterProcessingInitializeOnLoad (14ms)
		AwakeInstancesAfterBackupRestoration (27ms)
Refreshing native plugins compatible for Editor in 3.52 ms, found 5 plugins.
Unloading 22 Unused Serialized files (Serialized files now loaded: 0)
Unloading 7360 unused Assets / (5.7 MB). Loaded Objects now: 8384.
Memory consumption went from 351.2 MB to 345.6 MB.
Total: 11.079600 ms (FindLiveObjects: 0.893000 ms CreateObjectMapping: 1.588300 ms MarkObjects: 5.633600 ms  DeleteObjects: 2.963700 ms)

Prepare: number of updated asset objects reloaded= 0
========================================================================
Received Prepare
AcceleratorClientConnectionCallback - disconnected - :0
Refreshing native plugins compatible for Editor in 3.71 ms, found 5 plugins.
Unloading 22 Unused Serialized files (Serialized files now loaded: 0)
Unloading 7345 unused Assets / (5.5 MB). Loaded Objects now: 8384.
Memory consumption went from 353.2 MB to 347.7 MB.
Total: 12.585800 ms (FindLiveObjects: 1.063800 ms CreateObjectMapping: 1.818200 ms MarkObjects: 6.611800 ms  DeleteObjects: 3.090900 ms)

Prepare: number of updated asset objects reloaded= 0
========================================================================
Received Prepare
AcceleratorClientConnectionCallback - disconnected - :0
[Licensing::Client] Successfully resolved entitlement details
Begin MonoManager ReloadAssembly
Refreshing native plugins compatible for Editor in 3.96 ms, found 5 plugins.
Native extension for WindowsStandalone target not found
[Package Manager] Failed to launch server process. Reason: Unity was launched with the -noUpm command-line argument
[Package Manager] Unable to send message (not connected to server process).
[Package Manager] Cannot connect to Unity Package Manager local server
[Package Manager] Failed to launch server process. Reason: Unity was launched with the -noUpm command-line argument
[Package Manager] Unable to send message (not connected to server process).
[Package Manager] Cannot connect to Unity Package Manager local server
ScheduleIndexationOnStartup MainProcess:False IndexOnStartup:True
Mono: successfully reloaded assembly
- Finished resetting the current domain, in  0.962 seconds
Domain Reload Profiling: 2212ms
	BeginReloadAssembly (307ms)
		DisableScriptedObjects (28ms)
		CreateAndSetChildDomain (66ms)
	RebuildCommonClasses (10ms)
	RebuildNativeTypeToScriptingClass (23ms)
	initialDomainReloadingComplete (96ms)
	LoadAllAssembliesAndSetupDomain (813ms)
		LoadAssemblies (489ms)
		AnalyzeDomain (276ms)
			TypeCache.Refresh (12ms)
			BuildScriptInfoCaches (256ms)
			ResolveRequiredComponents (6ms)
	FinalizeReload (963ms)
		SetupLoadedEditorAssemblies (0ms)
			BeforeProcessingInitializeOnLoad (113ms)
			ProcessInitializeOnLoadAttributes (367ms)
			ProcessInitializeOnLoadMethodAttributes (157ms)
			AfterProcessingInitializeOnLoad (14ms)
		AwakeInstancesAfterBackupRestoration (27ms)
Refreshing native plugins compatible for Editor in 3.62 ms, found 5 plugins.
Unloading 22 Unused Serialized files (Serialized files now loaded: 0)
Unloading 7360 unused Assets / (5.5 MB). Loaded Objects now: 8387.
Memory consumption went from 358.2 MB to 352.6 MB.
Total: 10.905700 ms (FindLiveObjects: 0.889200 ms CreateObjectMapping: 1.579500 ms MarkObjects: 5.546800 ms  DeleteObjects: 2.889200 ms)

Prepare: number of updated asset objects reloaded= 0
========================================================================
Received Prepare
AcceleratorClientConnectionCallback - disconnected - :0
Refreshing native plugins compatible for Editor in 3.74 ms, found 5 plugins.
Unloading 22 Unused Serialized files (Serialized files now loaded: 0)
Unloading 7345 unused Assets / (5.6 MB). Loaded Objects now: 8387.
Memory consumption went from 360.2 MB to 354.6 MB.
Total: 13.007500 ms (FindLiveObjects: 0.981000 ms CreateObjectMapping: 1.897400 ms MarkObjects: 6.975400 ms  DeleteObjects: 3.152400 ms)

Prepare: number of updated asset objects reloaded= 0
========================================================================
Received Prepare
AcceleratorClientConnectionCallback - disconnected - :0
[Licensing::Client] Successfully resolved entitlement details
Begin MonoManager ReloadAssembly
Refreshing native plugins compatible for Editor in 3.76 ms, found 5 plugins.
Native extension for WindowsStandalone target not found
[Package Manager] Failed to launch server process. Reason: Unity was launched with the -noUpm command-line argument
[Package Manager] Unable to send message (not connected to server process).
[Package Manager] Cannot connect to Unity Package Manager local server
[Package Manager] Failed to launch server process. Reason: Unity was launched with the -noUpm command-line argument
[Package Manager] Unable to send message (not connected to server process).
[Package Manager] Cannot connect to Unity Package Manager local server
ScheduleIndexationOnStartup MainProcess:False IndexOnStartup:True
Mono: successfully reloaded assembly
- Finished resetting the current domain, in  0.947 seconds
Domain Reload Profiling: 2194ms
	BeginReloadAssembly (302ms)
		DisableScriptedObjects (25ms)
		CreateAndSetChildDomain (63ms)
	RebuildCommonClasses (11ms)
	RebuildNativeTypeToScriptingClass (23ms)
	initialDomainReloadingComplete (95ms)
	LoadAllAssembliesAndSetupDomain (815ms)
		LoadAssemblies (491ms)
		AnalyzeDomain (290ms)
			TypeCache.Refresh (13ms)
			BuildScriptInfoCaches (266ms)
			ResolveRequiredComponents (8ms)
	FinalizeReload (949ms)
		SetupLoadedEditorAssemblies (0ms)
			BeforeProcessingInitializeOnLoad (115ms)
			ProcessInitializeOnLoadAttributes (360ms)
			ProcessInitializeOnLoadMethodAttributes (158ms)
			AfterProcessingInitializeOnLoad (14ms)
		AwakeInstancesAfterBackupRestoration (28ms)
Refreshing native plugins compatible for Editor in 3.46 ms, found 5 plugins.
Unloading 22 Unused Serialized files (Serialized files now loaded: 0)
Unloading 7360 unused Assets / (5.4 MB). Loaded Objects now: 8390.
Memory consumption went from 364.1 MB to 358.6 MB.
Total: 11.232700 ms (FindLiveObjects: 0.942500 ms CreateObjectMapping: 1.610900 ms MarkObjects: 5.761500 ms  DeleteObjects: 2.916800 ms)

Prepare: number of updated asset objects reloaded= 0
========================================================================
Received Prepare
AcceleratorClientConnectionCallback - disconnected - :0
Refreshing native plugins compatible for Editor in 3.58 ms, found 5 plugins.
Unloading 22 Unused Serialized files (Serialized files now loaded: 0)
Unloading 7346 unused Assets / (7.1 MB). Loaded Objects now: 8391.
Memory consumption went from 366.1 MB to 359.0 MB.
Total: 12.643300 ms (FindLiveObjects: 0.953100 ms CreateObjectMapping: 1.602500 ms MarkObjects: 5.756400 ms  DeleteObjects: 4.329800 ms)

Prepare: number of updated asset objects reloaded= 0
========================================================================
Received Prepare
AcceleratorClientConnectionCallback - disconnected - :0
Begin MonoManager ReloadAssembly
Refreshing native plugins compatible for Editor in 3.59 ms, found 5 plugins.
Native extension for WindowsStandalone target not found
[Package Manager] Failed to launch server process. Reason: Unity was launched with the -noUpm command-line argument
[Package Manager] Unable to send message (not connected to server process).
[Package Manager] Cannot connect to Unity Package Manager local server
[Package Manager] Failed to launch server process. Reason: Unity was launched with the -noUpm command-line argument
[Package Manager] Unable to send message (not connected to server process).
[Package Manager] Cannot connect to Unity Package Manager local server
ScheduleIndexationOnStartup MainProcess:False IndexOnStartup:True
Mono: successfully reloaded assembly
- Finished resetting the current domain, in  0.934 seconds
Domain Reload Profiling: 2151ms
	BeginReloadAssembly (291ms)
		DisableScriptedObjects (23ms)
		CreateAndSetChildDomain (60ms)
	RebuildCommonClasses (11ms)
	RebuildNativeTypeToScriptingClass (21ms)
	initialDomainReloadingComplete (92ms)
	LoadAllAssembliesAndSetupDomain (801ms)
		LoadAssemblies (491ms)
		AnalyzeDomain (274ms)
			TypeCache.Refresh (12ms)
			BuildScriptInfoCaches (254ms)
			ResolveRequiredComponents (6ms)
	FinalizeReload (935ms)
		SetupLoadedEditorAssemblies (0ms)
			BeforeProcessingInitializeOnLoad (109ms)
			ProcessInitializeOnLoadAttributes (355ms)
			ProcessInitializeOnLoadMethodAttributes (156ms)
			AfterProcessingInitializeOnLoad (15ms)
		AwakeInstancesAfterBackupRestoration (27ms)
Refreshing native plugins compatible for Editor in 3.59 ms, found 5 plugins.
Unloading 22 Unused Serialized files (Serialized files now loaded: 0)
Unloading 7361 unused Assets / (5.5 MB). Loaded Objects now: 8394.
Memory consumption went from 370.0 MB to 364.5 MB.
Total: 10.753400 ms (FindLiveObjects: 0.893900 ms CreateObjectMapping: 1.549300 ms MarkObjects: 5.494900 ms  DeleteObjects: 2.814500 ms)

Prepare: number of updated asset objects reloaded= 0
========================================================================
Received Import Request.
  Time of request: 2026-09-05T13:39:21.9404154Z
  Time since last request: 589.83852709999996 seconds.
  importAddress: GUID: 4f479563286a7074b9175a1653b2d713 - Path: Assets/Scenes/sprite/gjtg.cs - Importer: PreviewImporter
Importing 'GUID: 4f479563286a7074b9175a1653b2d713 - Path: Assets/Scenes/sprite/gjtg.cs - Importer: PreviewImporter' with importer (PreviewImporter)
Imported 'GUID: 4f479563286a7074b9175a1653b2d713' -> (Import Result ID: 'a3f1e0ee6be623cb326f8459d9676778') in 0.003 seconds [static and dynamic dependencies]. Details - ImportResultOutputID=5d40af51b7720e3830eb7166e22b73a0 DependenciesID=fbf427a75d402ed8227d8f019f229200 StaticDependenciesID=7e032ab48d5aa15fbaf678622c582e1c 
Number of updated asset objects reloaded before import = 0
Number of asset objects unloaded after import = 0
========================================================================
Received Prepare
AcceleratorClientConnectionCallback - disconnected - :0
Refreshing native plugins compatible for Editor in 3.77 ms, found 5 plugins.
Unloading 22 Unused Serialized files (Serialized files now loaded: 0)
Unloading 7346 unused Assets / (5.5 MB). Loaded Objects now: 8394.
Memory consumption went from 370.1 MB to 364.7 MB.
Total: 11.671800 ms (FindLiveObjects: 0.946100 ms CreateObjectMapping: 1.549500 ms MarkObjects: 5.874300 ms  DeleteObjects: 3.300700 ms)

Prepare: number of updated asset objects reloaded= 0
========================================================================
Received Prepare
AcceleratorClientConnectionCallback - disconnected - :0
[Licensing::Client] Successfully resolved entitlement details
Begin MonoManager ReloadAssembly
Refreshing native plugins compatible for Editor in 3.81 ms, found 5 plugins.
Native extension for WindowsStandalone target not found
[Package Manager] Failed to launch server process. Reason: Unity was launched with the -noUpm command-line argument
[Package Manager] Unable to send message (not connected to server process).
[Package Manager] Cannot connect to Unity Package Manager local server
[Package Manager] Failed to launch server process. Reason: Unity was launched with the -noUpm command-line argument
[Package Manager] Unable to send message (not connected to server process).
[Package Manager] Cannot connect to Unity Package Manager local server
ScheduleIndexationOnStartup MainProcess:False IndexOnStartup:True
Mono: successfully reloaded assembly
- Finished resetting the current domain, in  0.979 seconds
Domain Reload Profiling: 2210ms
	BeginReloadAssembly (305ms)
		DisableScriptedObjects (27ms)
		CreateAndSetChildDomain (66ms)
	RebuildCommonClasses (11ms)
	RebuildNativeTypeToScriptingClass (26ms)
	initialDomainReloadingComplete (88ms)
	LoadAllAssembliesAndSetupDomain (799ms)
		LoadAssemblies (472ms)
		AnalyzeDomain (280ms)
			TypeCache.Refresh (12ms)
			BuildScriptInfoCaches (260ms)
			ResolveRequiredComponents (6ms)
	FinalizeReload (981ms)
		SetupLoadedEditorAssemblies (0ms)
			BeforeProcessingInitializeOnLoad (131ms)
			ProcessInitializeOnLoadAttributes (360ms)
			ProcessInitializeOnLoadMethodAttributes (157ms)
			AfterProcessingInitializeOnLoad (15ms)
		AwakeInstancesAfterBackupRestoration (28ms)
Refreshing native plugins compatible for Editor in 3.56 ms, found 5 plugins.
Unloading 22 Unused Serialized files (Serialized files now loaded: 0)
Unloading 7361 unused Assets / (5.8 MB). Loaded Objects now: 8397.
Memory consumption went from 373.2 MB to 367.5 MB.
Total: 11.205500 ms (FindLiveObjects: 0.922300 ms CreateObjectMapping: 1.697800 ms MarkObjects: 5.510800 ms  DeleteObjects: 3.073600 ms)

Prepare: number of updated asset objects reloaded= 0
