[Licensing::Module] Trying to connect to existing licensing client channel...
Built from '6000.5/staging' branch; Version is '6000.5.10f1 (3bd4f66ad299) revision 3921142'; Using compiler version '194234433'; Build Type 'Release'
[Licensing::IpcConnector] Successfully connected to: "LicenseClient-KCC" at "2026-09-06T04:15:07.9955771Z"
OS: 'Windows 11  (10.0.26100) Professional' Language: 'vi' Physical Memory: 32681 MB
BatchMode: 1, IsHumanControllingUs: 0, StartBugReporterOnCrash: 0, Is64bit: 1
System  architecture: x64
Process architecture: x64
Date: 2026-09-06T04:15:07Z

COMMAND LINE ARGUMENTS:
C:\Program Files\Unity\Hub\Editor\6000.5.10f1\Editor\Unity.exe
-adb2
-batchMode
-noUpm
-name
AssetImportWorkerHW0
-projectPath
C:/Users/KCC/Desktop/helloworld3
-logFile
Logs/AssetImportWorkerHW0.log
-srvPort
51223
-parentPid
15600
-analyticsCloudUserId
anonymous
-analyticsCloudProjectId
3a01e64d-8bb3-49aa-b85c-e7801a30071f
-analyticsLocalProjectId
f14f77364c1b7c347b1bac7f0795b7f5
-editorAnalyticsEnabled
1
-cbmEditorLicense
6b55408558f6660270a5f04bf9d7a90f929942fd
-cbmMachineId
b81r1gtZzT7px6ZDd0Su8KamPRM=
-licensingIpc
LicenseClient-KCC
-noDiagnosticSwitchPersistentStore
-job-worker-count
5
-background-job-worker-count
8
-asset-garbage-collectors
1
-force-d3d12
-name
AssetImport
Successfully changed project path to: C:/Users/KCC/Desktop/helloworld3
C:/Users/KCC/Desktop/helloworld3
[UnityMemory] Configuration Parameters - Can be set up in boot.config
    "memorysetup-temp-allocator-size-gi-baking-worker=262144"
    "memorysetup-temp-allocator-size-gi-baking-worker=262144"
    "memorysetup-temp-allocator-size-gi-baking-worker=262144"
    "memorysetup-temp-allocator-size-gi-baking-worker=262144"
    "memorysetup-temp-allocator-size-gi-baking-worker=262144"
    "memorysetup-temp-allocator-size-nav-mesh-worker=65536"
    "memorysetup-temp-allocator-size-audio-worker=65536"
    "memorysetup-temp-allocator-size-cloud-worker=32768"
    "memorysetup-temp-allocator-size-gfx=262144"
    "memorysetup-remapper-allocator-initial-capacity=32768"
    "memorysetup-temp-allocator-size-preload-manager=33554432"
    "memorysetup-allocator-temp-initial-block-size-main=262144"
    "memorysetup-allocator-temp-initial-block-size-worker=262144"
    "memorysetup-temp-allocator-size-job-worker=262144"
    "memorysetup-temp-allocator-size-background-worker=32768"
    "memorysetup-bucket-allocator-granularity=16"
    "memorysetup-bucket-allocator-bucket-count=8"
    "memorysetup-bucket-allocator-block-size=33554432"
    "memorysetup-bucket-allocator-block-count=8"
    "memorysetup-main-allocator-block-size=16777216"
    "memorysetup-thread-allocator-block-size=16777216"
    "memorysetup-main-allocator-mimalloc-enabled=0"
    "memorysetup-gfx-main-allocator-block-size=16777216"
    "memorysetup-gfx-thread-allocator-block-size=16777216"
    "memorysetup-cache-allocator-block-size=4194304"
    "memorysetup-typetree-allocator-block-size=2097152"
    "memorysetup-profiler-bucket-allocator-granularity=16"
    "memorysetup-profiler-bucket-allocator-bucket-count=8"
    "memorysetup-profiler-bucket-allocator-block-size=33554432"
    "memorysetup-profiler-bucket-allocator-block-count=8"
    "memorysetup-profiler-allocator-block-size=16777216"
    "memorysetup-profiler-editor-allocator-block-size=1048576"
    "memorysetup-temp-allocator-size-main=16777216"
    "memorysetup-job-temp-allocator-block-size=2097152"
    "memorysetup-job-temp-allocator-block-size-background=1048576"
    "memorysetup-job-temp-allocator-reduction-small-platforms=262144"
Player connection [13324]  Target information:

Player connection [13324]  * "[IP] 192.168.1.102 [Port] 0 [Flags] 2 [Guid] 3792272838 [EditorId] 3792272838 [Version] 1048832 [Id] WindowsEditor(7,DESKTOP-QJ2ATO5) [Debug] 1 [PackageName] WindowsEditor [ProjectName] Editor" 

Player connection [13324]  * "[IP] 26.191.9.105 [Port] 0 [Flags] 2 [Guid] 3792272838 [EditorId] 3792272838 [Version] 1048832 [Id] WindowsEditor(7,DESKTOP-QJ2ATO5) [Debug] 1 [PackageName] WindowsEditor [ProjectName] Editor" 

Player connection [13324] Host joined multi-casting on [225.0.0.222:54997]...
Player connection [13324] Host joined alternative multi-casting on [225.0.0.222:34997]...
JobSystem: Creating JobQueue using job-worker-count value 5
Input System module state changed to: Initialized.
[Physics::Module] Initialized fallback backend.
[Physics::Module] Id: 0xdecafbad
Library Redirect Path: Library/
[Physics::Module] Selected backend.
[Physics::Module] Name: PhysX
[Physics::Module] Id: 0xf2b8ea05
[Physics::Module] SDK Version: 4.1.2
[Physics::Module] Integration Version: 1.0.0
[Physics::Module] Threading Mode: Multi-Threaded
Refreshing native plugins compatible for Editor in 7.51 ms, found 5 plugins.
Initialize engine version: 6000.5.10f1 (3bd4f66ad299)
[Subsystems] Discovering subsystems at path C:/Program Files/Unity/Hub/Editor/6000.5.10f1/Editor/Data/Resources/UnitySubsystems
[Subsystems] Discovering subsystems at path C:/Users/KCC/Desktop/helloworld3/Assets
Forcing GfxDevice: Direct3D 12
GfxDevice: creating device client; kGfxThreadingModeNonThreaded
d3d12: failed to query info queue interface (0x80004002).
Direct3D:
    Version:         Direct3D 12 [level 12.2]
    Renderer:        NVIDIA GeForce RTX 3060 (ID=0x2504)
    Vendor:          NVIDIA
    VRAM:            12115 MB
    App VRAM Budget: 11347 MB
    Driver:          32.0.15.9186
Initialize mono
Mono path[0] = 'C:/Program Files/Unity/Hub/Editor/6000.5.10f1/Editor/Data/Managed'
Mono path[1] = 'C:/Program Files/Unity/Hub/Editor/6000.5.10f1/Editor/Data/BCLExtensions/runtime/netstandard2.1'
Mono path[2] = 'C:/Program Files/Unity/Hub/Editor/6000.5.10f1/Editor/Data/MonoBleedingEdge/lib/mono/unityjit-win32'
Mono config path = 'C:/Program Files/Unity/Hub/Editor/6000.5.10f1/Editor/Data/MonoBleedingEdge/etc'
Using monoOptions --debugger-agent=transport=dt_socket,embedding=1,server=y,suspend=n,address=127.0.0.1:56348
CodeReloadManager initialized
Begin MonoManager ReloadAssembly
Registering precompiled unity dll's ...
Register platform support module: C:/Program Files/Unity/Hub/Editor/6000.5.10f1/Editor/Data/PlaybackEngines/WindowsStandaloneSupport/UnityEditor.WindowsStandalone.Extensions.dll
Registered in 0.003229 seconds.
Native extension for WindowsStandalone target not found
[Licensing::Client] Error: HandshakeResponse reported an error:
	ResponseCode: 505
	ResponseStatus: Unsupported protocol version '1.18.3'.
[Licensing::Module] Error: Failed to handshake to channel: "LicenseClient-KCC"
[Licensing::IpcConnector] LicenseClient-KCC channel disconnected successfully.
[Licensing::IpcConnector] Successfully connected to: "LicenseClient-KCC-6000.5.10" at "2026-09-06T04:15:09.788761Z"
[Licensing::Client] Code 10 while verifying Licensing Client signature (process Id: 6136, path: "C:/Program Files/Unity/Hub/Editor/6000.5.10f1/Editor/Data/Resources/Licensing/Client/Unity.Licensing.Client.exe")
[Licensing::Module] LicensingClient has failed validation; ignoring
[Licensing::Client] Handshaking with LicensingClient:
  Version:                 1.18.3+d7ffd15
  Session Id:              2060acd10fd84cb59acb702795c30d99
  Correlation Id:          cb5256ac35073b710044f603f759fdb3
  External correlation Id: 5605749063704075142
  Machine Id:              b81r1gtZzT7px6ZDd0Su8KamPRM=
[Licensing::Module] Successfully connected to LicensingClient on channel: "LicenseClient-KCC-6000.5.10" (connect: 0.00s, validation: 0.00s, handshake: 0.02s)
[Licensing::IpcConnector] Successfully connected to: "LicenseClient-KCC-6000.5.10-notifications" at "2026-09-06T04:15:09.8103375Z"
[Licensing::Module] Licensing Background thread has ended after 1.82s
Package Manager log level set to [2]
[Package Manager] Failed to launch server process. Reason: Unity was launched with the -noUpm command-line argument
[Package Manager] Unable to send message (not connected to server process).
[Package Manager] Cannot connect to Unity Package Manager local server
ScheduleIndexationOnStartup MainProcess:False IndexOnStartup:True
Mono: successfully reloaded assembly
- Finished resetting the current domain, in  0.836 seconds
Domain Reload Profiling: 1587ms
	BeginReloadAssembly (168ms)
	RebuildCommonClasses (6ms)
	RebuildNativeTypeToScriptingClass (21ms)
	initialDomainReloadingComplete (86ms)
	LoadAllAssembliesAndSetupDomain (468ms)
		LoadAssemblies (161ms)
		AnalyzeDomain (341ms)
			TypeCache.Refresh (339ms)
				TypeCache.ScanAssembly (314ms)
	FinalizeReload (839ms)
		SetupLoadedEditorAssemblies (0ms)
			InitializePlatformSupportModulesInManaged (3ms)
			BeforeProcessingInitializeOnLoad (136ms)
			ProcessInitializeOnLoadAttributes (249ms)
			ProcessInitializeOnLoadMethodAttributes (279ms)
Initializing Unity extensions:
[Licensing::Client] Successfully resolved entitlement details
[Licensing::Module] License group:
  Id: 14569335035536-UnityPersXXXX
  Product: Unity Personal
  Type: Assigned
  Expiration: Unlimited
Curl error 3: URL rejected: Malformed input to a URL function
========================================================================
Worker process is ready to serve import requests
Import Worker Mode flag is 0x00
Begin MonoManager ReloadAssembly
Refreshing native plugins compatible for Editor in 3.56 ms, found 5 plugins.
Native extension for WindowsStandalone target not found
[Package Manager] Failed to launch server process. Reason: Unity was launched with the -noUpm command-line argument
[Package Manager] Unable to send message (not connected to server process).
[Package Manager] Cannot connect to Unity Package Manager local server
Refreshing native plugins compatible for Editor in 3.39 ms, found 5 plugins.
[Package Manager] Failed to launch server process. Reason: Unity was launched with the -noUpm command-line argument
[Package Manager] Unable to send message (not connected to server process).
[Package Manager] Cannot connect to Unity Package Manager local server
ScheduleIndexationOnStartup MainProcess:False IndexOnStartup:True
Mono: successfully reloaded assembly
- Finished resetting the current domain, in  1.073 seconds
Domain Reload Profiling: 2341ms
	BeginReloadAssembly (244ms)
		DisableScriptedObjects (12ms)
		CreateAndSetChildDomain (34ms)
	RebuildCommonClasses (10ms)
	RebuildNativeTypeToScriptingClass (23ms)
	initialDomainReloadingComplete (89ms)
	LoadAllAssembliesAndSetupDomain (900ms)
		LoadAssemblies (504ms)
		AnalyzeDomain (353ms)
			TypeCache.Refresh (253ms)
				TypeCache.ScanAssembly (234ms)
			BuildScriptInfoCaches (91ms)
			ResolveRequiredComponents (6ms)
	FinalizeReload (1074ms)
		SetupLoadedEditorAssemblies (0ms)
			BeforeProcessingInitializeOnLoad (111ms)
			ProcessInitializeOnLoadAttributes (387ms)
			ProcessInitializeOnLoadMethodAttributes (312ms)
			AfterProcessingInitializeOnLoad (14ms)
		AwakeInstancesAfterBackupRestoration (10ms)
AcceleratorClientConnectionCallback - disconnected - :0
Launched and connected shader compiler UnityShaderCompiler.exe after 0.01 seconds
Refreshing native plugins compatible for Editor in 3.41 ms, found 5 plugins.
Unloading 22 Unused Serialized files (Serialized files now loaded: 0)
Curl error 3: URL rejected: Malformed input to a URL function
Unloading 7363 unused Assets / (6.0 MB). Loaded Objects now: 8373.
Memory consumption went from 357.1 MB to 351.1 MB.
Total: 11.354100 ms (FindLiveObjects: 0.908700 ms CreateObjectMapping: 1.828700 ms MarkObjects: 5.697100 ms  DeleteObjects: 2.917000 ms)

========================================================================
Received Prepare
AcceleratorClientConnectionCallback - disconnected - :0
Refreshing native plugins compatible for Editor in 3.46 ms, found 5 plugins.
Unloading 22 Unused Serialized files (Serialized files now loaded: 0)
Unloading 22 unused Assets / (2.6 MB). Loaded Objects now: 8373.
Memory consumption went from 349.0 MB to 346.4 MB.
Total: 6.326500 ms (FindLiveObjects: 0.447300 ms CreateObjectMapping: 0.385200 ms MarkObjects: 5.120300 ms  DeleteObjects: 0.372900 ms)

Prepare: number of updated asset objects reloaded= 0
========================================================================
Received Import Request.
  Time of request: 2026-09-06T04:15:16.2408122Z
  Time since last request: 83.1615224 seconds.
  importAddress: GUID: 2767337319f8a9849889a396a47982c9 - Path: Assets/Scenes/sprite/test.cs - Importer: ScriptedImporter/UnityEditor.QuickSearchModule:UnityEditor.Search:ASIAI0B
Importing 'GUID: 2767337319f8a9849889a396a47982c9 - Path: Assets/Scenes/sprite/test.cs - Importer: ScriptedImporter/UnityEditor.QuickSearchModule:UnityEditor.Search:ASIAI0B' with importer (ScriptedImporter : UnityEditor.QuickSearchModule:UnityEditor.Search:ASIAI0B)
Imported 'GUID: 2767337319f8a9849889a396a47982c9' -> (Import Result ID: '4670d71b0eb72d33401c3ad75516e4d0') in 0.115 seconds [static and dynamic dependencies]. Details - ImportResultOutputID=971d9a0167fe416c5e92697a8ca8a7f1 DependenciesID=a4658ec044062e28ae78d526874443b0 StaticDependenciesID=699434a3d43a62809938761f7faee0f1 
Number of updated asset objects reloaded before import = 0
Number of asset objects unloaded after import = 0
========================================================================
Received Import Request.
  Time of request: 2026-09-06T04:15:16.3773841Z
  Time since last request: 0.0004179 seconds.
  importAddress: GUID: 4f479563286a7074b9175a1653b2d713 - Path: Assets/Scenes/sprite/gjtg.cs - Importer: ScriptedImporter/UnityEditor.QuickSearchModule:UnityEditor.Search:ASIAI0B
Importing 'GUID: 4f479563286a7074b9175a1653b2d713 - Path: Assets/Scenes/sprite/gjtg.cs - Importer: ScriptedImporter/UnityEditor.QuickSearchModule:UnityEditor.Search:ASIAI0B' with importer (ScriptedImporter : UnityEditor.QuickSearchModule:UnityEditor.Search:ASIAI0B)
Imported 'GUID: 4f479563286a7074b9175a1653b2d713' -> (Import Result ID: 'dc73f142ad6b3a4bc2394ba9e31efdbd') in 0.013 seconds [static and dynamic dependencies]. Details - ImportResultOutputID=7ceeb499bb7bdbeffbad56ca7270c2ff DependenciesID=20d450123e06a01e97303cfd463c7ffb StaticDependenciesID=0fcd5b502d0e9ffae0d2dde1c3b35f4d 
Number of updated asset objects reloaded before import = 0
Number of asset objects unloaded after import = 0
========================================================================
Received Import Request.
  Time of request: 2026-09-06T04:15:16.4183739Z
  Time since last request: 0.0007788 seconds.
  importAddress: GUID: 124ed5bfded6a354e9f929acd97ee5fd - Path: Assets/_Recovery - Importer: ScriptedImporter/UnityEditor.QuickSearchModule:UnityEditor.Search:ASIAI0B
Importing 'GUID: 124ed5bfded6a354e9f929acd97ee5fd - Path: Assets/_Recovery - Importer: ScriptedImporter/UnityEditor.QuickSearchModule:UnityEditor.Search:ASIAI0B' with importer (ScriptedImporter : UnityEditor.QuickSearchModule:UnityEditor.Search:ASIAI0B)
Imported 'GUID: 124ed5bfded6a354e9f929acd97ee5fd' -> (Import Result ID: '862d6d66277b84abc8945f079da9a3a5') in 0.010 seconds [static and dynamic dependencies]. Details - ImportResultOutputID=f362033cd525d5b4e50405dac4d3937e DependenciesID=be1906cf97fb94edef692cac5fb4540c StaticDependenciesID=4eea3af8244600135377e0026eeb5496 
Number of updated asset objects reloaded before import = 0
Number of asset objects unloaded after import = 1
========================================================================
Received Import Request.
  Time of request: 2026-09-06T04:15:16.4513337Z
  Time since last request: 0.0005336 seconds.
  importAddress: GUID: d333bdb52deed5e488ea1faf3316b31c - Path: Assets/_Recovery/0.unity - Importer: ScriptedImporter/UnityEditor.QuickSearchModule:UnityEditor.Search:ASIAI0B
Importing 'GUID: d333bdb52deed5e488ea1faf3316b31c - Path: Assets/_Recovery/0.unity - Importer: ScriptedImporter/UnityEditor.QuickSearchModule:UnityEditor.Search:ASIAI0B' with importer (ScriptedImporter : UnityEditor.QuickSearchModule:UnityEditor.Search:ASIAI0B)
Imported 'GUID: d333bdb52deed5e488ea1faf3316b31c' -> (Import Result ID: 'd8094745ec7aa61b824a1942b24dc6b5') in 0.006 seconds [static and dynamic dependencies]. Details - ImportResultOutputID=0ef39c1963fa2f6835ee9ef9c7b98a62 DependenciesID=7e427102fc82676f7eb69b7c40413379 StaticDependenciesID=bdc9bcc7378ae4df35d0311dd4c59f59 
Number of updated asset objects reloaded before import = 0
Number of asset objects unloaded after import = 1
Editor requested this worker to shutdown with reason: Editor is closing down
AcceleratorClientConnectionCallback - disconnected - :0
AssetImportWorker is now disconnected from the server
Process exiting
Exiting without the bug reporter. Application will terminate with return code 0