[Licensing::Module] Trying to connect to existing licensing client channel...
Built from '6000.5/staging' branch; Version is '6000.5.10f1 (3bd4f66ad299) revision 3921142'; Using compiler version '194234433'; Build Type 'Release'
[Licensing::IpcConnector] Successfully connected to: "LicenseClient-KCC" at "2026-09-06T04:14:49.5029803Z"
OS: 'Windows 11  (10.0.26100) Professional' Language: 'vi' Physical Memory: 32681 MB
BatchMode: 0, IsHumanControllingUs: 1, StartBugReporterOnCrash: 1, Is64bit: 1
System  architecture: x64
Process architecture: x64
Date: 2026-09-06T04:14:49Z
[Licensing::Client] Error: HandshakeResponse reported an error:
	ResponseCode: 505
	ResponseStatus: Unsupported protocol version '1.18.3'.
[Licensing::Module] Error: Failed to handshake to channel: "LicenseClient-KCC"
[Licensing::IpcConnector] LicenseClient-KCC channel disconnected successfully.
[Licensing::IpcConnector] Channel LicenseClient-KCC-6000.5.10 doesn't exist
[Licensing::Module] Successfully launched the LicensingClient (PId: 6136)

COMMAND LINE ARGUMENTS:
C:\Program Files\Unity\Hub\Editor\6000.5.10f1\Editor\Unity.exe
-projectpath
C:\Users\KCC\Desktop\helloworld3
-acceptSoftwareTermsForThisRunOnly
-useHub
-hubIPC
-cloudEnvironment
production
-licensingIpc
LicenseClient-KCC
-hubSessionId
294f8de6-9697-4953-8d82-366ede81c935
-accessToken
m4ptZvd6mpAvd-54FxxJFCFM3YCDnpNwuEIailz4iCA00df
Successfully changed project path to: C:\Users\KCC\Desktop\helloworld3
C:/Users/KCC/Desktop/helloworld3
[UnityMemory] Configuration Parameters - Can be set up in boot.config
    "memorysetup-temp-allocator-size-gi-baking-worker=262144"
    "memorysetup-temp-allocator-size-gi-baking-worker=262144"
    "memorysetup-temp-allocator-size-gi-baking-worker=262144"
    "memorysetup-temp-allocator-size-gi-baking-worker=262144"
    "memorysetup-temp-allocator-size-gi-baking-worker=262144"
    "memorysetup-temp-allocator-size-nav-mesh-worker=65536"
    "memorysetup-temp-allocator-size-audio-worker=65536"
    "memorysetup-temp-allocator-size-cloud-worker=32768"
    "memorysetup-temp-allocator-size-gfx=262144"
    "memorysetup-remapper-allocator-initial-capacity=32768"
    "memorysetup-temp-allocator-size-preload-manager=33554432"
    "memorysetup-allocator-temp-initial-block-size-main=262144"
    "memorysetup-allocator-temp-initial-block-size-worker=262144"
    "memorysetup-temp-allocator-size-job-worker=262144"
    "memorysetup-temp-allocator-size-background-worker=32768"
    "memorysetup-bucket-allocator-granularity=16"
    "memorysetup-bucket-allocator-bucket-count=8"
    "memorysetup-bucket-allocator-block-size=33554432"
    "memorysetup-bucket-allocator-block-count=8"
    "memorysetup-main-allocator-block-size=16777216"
    "memorysetup-thread-allocator-block-size=16777216"
    "memorysetup-main-allocator-mimalloc-enabled=0"
    "memorysetup-gfx-main-allocator-block-size=16777216"
    "memorysetup-gfx-thread-allocator-block-size=16777216"
    "memorysetup-cache-allocator-block-size=4194304"
    "memorysetup-typetree-allocator-block-size=2097152"
    "memorysetup-profiler-bucket-allocator-granularity=16"
    "memorysetup-profiler-bucket-allocator-bucket-count=8"
    "memorysetup-profiler-bucket-allocator-block-size=33554432"
    "memorysetup-profiler-bucket-allocator-block-count=8"
    "memorysetup-profiler-allocator-block-size=16777216"
    "memorysetup-profiler-editor-allocator-block-size=1048576"
    "memorysetup-temp-allocator-size-main=16777216"
    "memorysetup-job-temp-allocator-block-size=2097152"
    "memorysetup-job-temp-allocator-block-size-background=1048576"
    "memorysetup-job-temp-allocator-reduction-small-platforms=262144"
Player connection [18180]  Target information:

Player connection [18180]  * "[IP] 192.168.1.102 [Port] 55504 [Flags] 2 [Guid] 1725786842 [EditorId] 1725786842 [Version] 1048832 [Id] WindowsEditor(7,DESKTOP-QJ2ATO5) [Debug] 1 [PackageName] WindowsEditor [ProjectName] Editor" 

Player connection [18180]  * "[IP] 26.191.9.105 [Port] 55504 [Flags] 2 [Guid] 1725786842 [EditorId] 1725786842 [Version] 1048832 [Id] WindowsEditor(7,DESKTOP-QJ2ATO5) [Debug] 1 [PackageName] WindowsEditor [ProjectName] Editor" 

Player connection [18180] Host joined multi-casting on [225.0.0.222:54997]...
Player connection [18180] Host joined alternative multi-casting on [225.0.0.222:34997]...
Input System module state changed to: Initialized.
[Physics::Module] Initialized fallback backend.
[Physics::Module] Id: 0xdecafbad
[Package Manager] Connected to IPC stream "Upm-15600" after 0.0 seconds.
[Licensing::Module] Licensing is not yet initialized.
[Licensing::IpcConnector] Successfully connected to: "LicenseClient-KCC-6000.5.10" at "2026-09-06T04:14:55.551277Z"
[Licensing::Client] Code 10 while verifying Licensing Client signature (process Id: 6136, path: "C:/Program Files/Unity/Hub/Editor/6000.5.10f1/Editor/Data/Resources/Licensing/Client/Unity.Licensing.Client.exe")
[Licensing::Module] LicensingClient has failed validation; ignoring
[Licensing::Client] Handshaking with LicensingClient:
  Version:                 1.18.3+d7ffd15
  Session Id:              6b5c733f85584ed296b23767753b35a2
  Correlation Id:          cb5256ac35073b710044f603f759fdb3
  External correlation Id: 7529838514438684623
  Machine Id:              b81r1gtZzT7px6ZDd0Su8KamPRM=
[Licensing::Module] Successfully connected to LicensingClient on channel: "LicenseClient-KCC-6000.5.10" (connect: 4.37s, validation: 0.49s, handshake: 0.01s)
[Licensing::IpcConnector] Successfully connected to: "LicenseClient-KCC-6000.5.10-notifications" at "2026-09-06T04:14:56.048929Z"
[Licensing::Module] Connected to LicensingClient (PId: 6136, launch time: 0.04, total connection time: 4.86s)
[Licensing::Client] Successfully updated the access token
[Licensing::Module] Successfully updated the access token m4ptZvd6mp...
[Licensing::Client] Successfully resolved entitlement details
[Licensing::Module] License group:
  Id: 14569335035536-UnityPersXXXX
  Product: Unity Personal
  Type: Assigned
  Expiration: Unlimited
[Licensing::Client] Successfully updated license, isAsync: True, time: 0.01
[Licensing::Client] Successfully resolved entitlement details
[Licensing::Module] Licensing Background thread has ended after 6.59s
[Licensing::Module] Licensing is initialized (took 1.27s).
[Licensing::Client] Successfully resolved entitlement details
Library Redirect Path: Library/
[Physics::Module] Selected backend.
[Physics::Module] Name: PhysX
[Physics::Module] Id: 0xf2b8ea05
[Physics::Module] SDK Version: 4.1.2
[Physics::Module] Integration Version: 1.0.0
[Physics::Module] Threading Mode: Multi-Threaded
Initialize engine version: 6000.5.10f1 (3bd4f66ad299)
[Subsystems] Discovering subsystems at path C:/Program Files/Unity/Hub/Editor/6000.5.10f1/Editor/Data/Resources/UnitySubsystems
[Subsystems] Discovering subsystems at path C:/Users/KCC/Desktop/helloworld3/Assets
[D3D12 Device Filter] Vendor Name: NVIDIA
[D3D12 Device Filter] Device Name: NVIDIA GeForce RTX 3060
[D3D12 Device Filter] Driver Version: 32.0.15.9186
[D3D12 Device Filter] Feature Level: 12.2
[D3D12 Device Filter] Graphics Memory: 12115 MB
[D3D12 Device Filter] Processor Count: 12
[D3D12 Device Filter] Device Type: Discrete
GfxDevice: creating device client; kGfxThreadingModeSplitJobs
d3d12: failed to query info queue interface (0x80004002).
Direct3D:
    Version:         Direct3D 12 [level 12.2]
    Renderer:        NVIDIA GeForce RTX 3060 (ID=0x2504)
    Vendor:          NVIDIA
    VRAM:            12115 MB
    App VRAM Budget: 11347 MB
    Driver:          32.0.15.9186
Initialize mono
Mono path[0] = 'C:/Program Files/Unity/Hub/Editor/6000.5.10f1/Editor/Data/Managed'
Mono path[1] = 'C:/Program Files/Unity/Hub/Editor/6000.5.10f1/Editor/Data/BCLExtensions/runtime/netstandard2.1'
Mono path[2] = 'C:/Program Files/Unity/Hub/Editor/6000.5.10f1/Editor/Data/MonoBleedingEdge/lib/mono/unityjit-win32'
Mono config path = 'C:/Program Files/Unity/Hub/Editor/6000.5.10f1/Editor/Data/MonoBleedingEdge/etc'
Using monoOptions --debugger-agent=transport=dt_socket,embedding=1,server=y,suspend=n,address=127.0.0.1:56600
CodeReloadManager initialized
ImportWorker Server TCP listen port: 0
AcceleratorClientConnectionCallback - disconnected - :0
Begin MonoManager ReloadAssembly
Registering precompiled unity dll's ...
Register platform support module: C:/Program Files/Unity/Hub/Editor/6000.5.10f1/Editor/Data/PlaybackEngines/WindowsStandaloneSupport/UnityEditor.WindowsStandalone.Extensions.dll
Registered in 0.004037 seconds.
Native extension for WindowsStandalone target not found
Package Manager log level set to [2]
ScheduleIndexationOnStartup MainProcess:False IndexOnStartup:True
Mono: successfully reloaded assembly
- Finished resetting the current domain, in  0.866 seconds
Domain Reload Profiling: 1513ms
	BeginReloadAssembly (168ms)
		CreateAndSetChildDomain (7ms)
	RebuildCommonClasses (6ms)
	RebuildNativeTypeToScriptingClass (27ms)
	initialDomainReloadingComplete (96ms)
	LoadAllAssembliesAndSetupDomain (350ms)
		LoadAssemblies (155ms)
		AnalyzeDomain (260ms)
			TypeCache.Refresh (258ms)
				TypeCache.ScanAssembly (240ms)
	FinalizeReload (867ms)
		SetupLoadedEditorAssemblies (0ms)
			BeforeProcessingInitializeOnLoad (108ms)
			ProcessInitializeOnLoadAttributes (112ms)
			ProcessInitializeOnLoadMethodAttributes (570ms)
[Licensing::Client] Successfully resolved entitlement details
Application.AssetDatabase Initial Refresh Start
[Package Manager] Restoring resolved packages state from cache
[Licensing::Client] Successfully resolved entitlement details
[Package Manager] Registered 65 packages:
  Packages from [https://packages.unity.com]:
    com.unity.2d.animation@15.1.0 (location: C:\Users\KCC\Desktop\helloworld3\Library\PackageCache\com.unity.2d.animation@6d5a363ae647)
    com.unity.2d.aseprite@5.0.3 (location: C:\Users\KCC\Desktop\helloworld3\Library\PackageCache\com.unity.2d.aseprite@d13865913efa)
    com.unity.2d.psdimporter@14.0.3 (location: C:\Users\KCC\Desktop\helloworld3\Library\PackageCache\com.unity.2d.psdimporter@5d82044f9e43)
    com.unity.2d.spriteshape@15.0.3 (location: C:\Users\KCC\Desktop\helloworld3\Library\PackageCache\com.unity.2d.spriteshape@fcb7ec61a58b)
    com.unity.2d.tilemap.extras@8.0.3 (location: C:\Users\KCC\Desktop\helloworld3\Library\PackageCache\com.unity.2d.tilemap.extras@a80140457adc)
    com.unity.2d.tooling@3.0.1 (location: C:\Users\KCC\Desktop\helloworld3\Library\PackageCache\com.unity.2d.tooling@6f06ffb033c0)
    com.unity.collab-proxy@2.13.6 (location: C:\Users\KCC\Desktop\helloworld3\Library\PackageCache\com.unity.collab-proxy@4628d2ba6ea4)
    com.unity.ide.rider@3.0.38 (location: C:\Users\KCC\Desktop\helloworld3\Library\PackageCache\com.unity.ide.rider@1f60b3138684)
    com.unity.ide.visualstudio@2.0.26 (location: C:\Users\KCC\Desktop\helloworld3\Library\PackageCache\com.unity.ide.visualstudio@a99d56dec63f)
    com.unity.inputsystem@1.20.0 (location: C:\Users\KCC\Desktop\helloworld3\Library\PackageCache\com.unity.inputsystem@7a4e1a2a8194)
    com.unity.timeline@1.8.13 (location: C:\Users\KCC\Desktop\helloworld3\Library\PackageCache\com.unity.timeline@3a22918286f5)
    com.unity.visualscripting@1.9.12 (location: C:\Users\KCC\Desktop\helloworld3\Library\PackageCache\com.unity.visualscripting@4edfcc09512f)
    com.unity.2d.common@14.0.1 (location: C:\Users\KCC\Desktop\helloworld3\Library\PackageCache\com.unity.2d.common@73badf92ba8b)
    com.unity.searcher@4.9.5 (location: C:\Users\KCC\Desktop\helloworld3\Library\PackageCache\com.unity.searcher@a463122f2c00)
    com.unity.burst@1.8.30 (location: C:\Users\KCC\Desktop\helloworld3\Library\PackageCache\com.unity.burst@2f3d916873ea)
    com.unity.nuget.mono-cecil@1.11.6 (location: C:\Users\KCC\Desktop\helloworld3\Library\PackageCache\com.unity.nuget.mono-cecil@ecb9724e46ff)
    com.unity.test-framework.performance@3.5.0 (location: C:\Users\KCC\Desktop\helloworld3\Library\PackageCache\com.unity.test-framework.performance@8b56083ec0f0)
  Built-in packages:
    com.unity.2d.sprite@1.0.0 (location: C:\Users\KCC\Desktop\helloworld3\Library\PackageCache\com.unity.2d.sprite@053a968eab56)
    com.unity.2d.tilemap@1.0.0 (location: C:\Users\KCC\Desktop\helloworld3\Library\PackageCache\com.unity.2d.tilemap@b959501fd678)
    com.unity.multiplayer.center@1.0.1 (location: C:\Users\KCC\Desktop\helloworld3\Library\PackageCache\com.unity.multiplayer.center@b860850997d0)
    com.unity.render-pipelines.universal@17.5.0 (location: C:\Users\KCC\Desktop\helloworld3\Library\PackageCache\com.unity.render-pipelines.universal@d7774c218bdf)
    com.unity.test-framework@1.7.0 (location: C:\Users\KCC\Desktop\helloworld3\Library\PackageCache\com.unity.test-framework@1405238725ab)
    com.unity.ugui@2.5.0 (location: C:\Users\KCC\Desktop\helloworld3\Library\PackageCache\com.unity.ugui@1c4864518158)
    com.unity.modules.accessibility@1.0.0 (location: C:\Users\KCC\Desktop\helloworld3\Library\PackageCache\com.unity.modules.accessibility)
    com.unity.modules.adaptiveperformance@1.0.0 (location: C:\Users\KCC\Desktop\helloworld3\Library\PackageCache\com.unity.modules.adaptiveperformance)
    com.unity.modules.ai@1.0.0 (location: C:\Users\KCC\Desktop\helloworld3\Library\PackageCache\com.unity.modules.ai)
    com.unity.modules.androidjni@1.0.0 (location: C:\Users\KCC\Desktop\helloworld3\Library\PackageCache\com.unity.modules.androidjni)
    com.unity.modules.animation@1.0.0 (location: C:\Users\KCC\Desktop\helloworld3\Library\PackageCache\com.unity.modules.animation)
    com.unity.modules.assetbundle@1.0.0 (location: C:\Users\KCC\Desktop\helloworld3\Library\PackageCache\com.unity.modules.assetbundle)
    com.unity.modules.audio@1.0.0 (location: C:\Users\KCC\Desktop\helloworld3\Library\PackageCache\com.unity.modules.audio)
    com.unity.modules.cloth@1.0.0 (location: C:\Users\KCC\Desktop\helloworld3\Library\PackageCache\com.unity.modules.cloth)
    com.unity.modules.director@1.0.0 (location: C:\Users\KCC\Desktop\helloworld3\Library\PackageCache\com.unity.modules.director)
    com.unity.modules.imageconversion@1.0.0 (location: C:\Users\KCC\Desktop\helloworld3\Library\PackageCache\com.unity.modules.imageconversion)
    com.unity.modules.imgui@1.0.0 (location: C:\Users\KCC\Desktop\helloworld3\Library\PackageCache\com.unity.modules.imgui)
    com.unity.modules.jsonserialize@1.0.0 (location: C:\Users\KCC\Desktop\helloworld3\Library\PackageCache\com.unity.modules.jsonserialize)
    com.unity.modules.particlesystem@1.0.0 (location: C:\Users\KCC\Desktop\helloworld3\Library\PackageCache\com.unity.modules.particlesystem)
    com.unity.modules.physics@1.0.0 (location: C:\Users\KCC\Desktop\helloworld3\Library\PackageCache\com.unity.modules.physics)
    com.unity.modules.physics2d@1.0.0 (location: C:\Users\KCC\Desktop\helloworld3\Library\PackageCache\com.unity.modules.physics2d)
    com.unity.modules.physicscore2d@1.0.0 (location: C:\Users\KCC\Desktop\helloworld3\Library\PackageCache\com.unity.modules.physicscore2d)
    com.unity.modules.screencapture@1.0.0 (location: C:\Users\KCC\Desktop\helloworld3\Library\PackageCache\com.unity.modules.screencapture)
    com.unity.modules.terrain@1.0.0 (location: C:\Users\KCC\Desktop\helloworld3\Library\PackageCache\com.unity.modules.terrain)
    com.unity.modules.terrainphysics@1.0.0 (location: C:\Users\KCC\Desktop\helloworld3\Library\PackageCache\com.unity.modules.terrainphysics)
    com.unity.modules.tilemap@1.0.0 (location: C:\Users\KCC\Desktop\helloworld3\Library\PackageCache\com.unity.modules.tilemap)
    com.unity.modules.ui@1.0.0 (location: C:\Users\KCC\Desktop\helloworld3\Library\PackageCache\com.unity.modules.ui)
    com.unity.modules.uielements@1.0.0 (location: C:\Users\KCC\Desktop\helloworld3\Library\PackageCache\com.unity.modules.uielements)
    com.unity.modules.umbra@1.0.0 (location: C:\Users\KCC\Desktop\helloworld3\Library\PackageCache\com.unity.modules.umbra)
    com.unity.modules.unityanalytics@1.0.0 (location: C:\Users\KCC\Desktop\helloworld3\Library\PackageCache\com.unity.modules.unityanalytics)
    com.unity.modules.unitywebrequest@1.0.0 (location: C:\Users\KCC\Desktop\helloworld3\Library\PackageCache\com.unity.modules.unitywebrequest)
    com.unity.modules.unitywebrequestassetbundle@1.0.0 (location: C:\Users\KCC\Desktop\helloworld3\Library\PackageCache\com.unity.modules.unitywebrequestassetbundle)
    com.unity.modules.unitywebrequestaudio@1.0.0 (location: C:\Users\KCC\Desktop\helloworld3\Library\PackageCache\com.unity.modules.unitywebrequestaudio)
    com.unity.modules.unitywebrequesttexture@1.0.0 (location: C:\Users\KCC\Desktop\helloworld3\Library\PackageCache\com.unity.modules.unitywebrequesttexture)
    com.unity.modules.unitywebrequestwww@1.0.0 (location: C:\Users\KCC\Desktop\helloworld3\Library\PackageCache\com.unity.modules.unitywebrequestwww)
    com.unity.modules.vectorgraphics@1.0.0 (location: C:\Users\KCC\Desktop\helloworld3\Library\PackageCache\com.unity.modules.vectorgraphics)
    com.unity.modules.vehicles@1.0.0 (location: C:\Users\KCC\Desktop\helloworld3\Library\PackageCache\com.unity.modules.vehicles)
    com.unity.modules.video@1.0.0 (location: C:\Users\KCC\Desktop\helloworld3\Library\PackageCache\com.unity.modules.video)
    com.unity.modules.wind@1.0.0 (location: C:\Users\KCC\Desktop\helloworld3\Library\PackageCache\com.unity.modules.wind)
    com.unity.modules.xr@1.0.0 (location: C:\Users\KCC\Desktop\helloworld3\Library\PackageCache\com.unity.modules.xr)
    com.unity.modules.subsystems@1.0.0 (location: C:\Users\KCC\Desktop\helloworld3\Library\PackageCache\com.unity.modules.subsystems)
    com.unity.modules.hierarchycore@1.0.0 (location: C:\Users\KCC\Desktop\helloworld3\Library\PackageCache\com.unity.modules.hierarchycore)
    com.unity.ext.nunit@2.1.0 (location: C:\Users\KCC\Desktop\helloworld3\Library\PackageCache\com.unity.ext.nunit@44f7d31723bd)
    com.unity.render-pipelines.core@17.5.0 (location: C:\Users\KCC\Desktop\helloworld3\Library\PackageCache\com.unity.render-pipelines.core@bbba1f0c681e)
    com.unity.shadergraph@17.5.0 (location: C:\Users\KCC\Desktop\helloworld3\Library\PackageCache\com.unity.shadergraph@8d7376ec43ee)
    com.unity.render-pipelines.universal-config@17.5.0 (location: C:\Users\KCC\Desktop\helloworld3\Library\PackageCache\com.unity.render-pipelines.universal-config@fdda01c80fe3)
    com.unity.mathematics@1.4.0 (location: C:\Users\KCC\Desktop\helloworld3\Library\PackageCache\com.unity.mathematics@981956d94fb6)
    com.unity.collections@6.5.0 (location: C:\Users\KCC\Desktop\helloworld3\Library\PackageCache\com.unity.collections@ec2c217e4cb2)
[Subsystems] No new subsystems found in resolved package list.
[Package Manager] Done registering packages in 0.03 seconds
info: Microsoft.Hosting.Lifetime[14]
      Now listening on: http://localhost:80
info: Microsoft.Hosting.Lifetime[0]
      Application started. Press Ctrl+C to shut down.
info: Microsoft.Hosting.Lifetime[0]
      Hosting environment: Production
info: Microsoft.Hosting.Lifetime[0]
      Content root path: C:\Users\KCC\Desktop\helloworld3
info: Microsoft.AspNetCore.Hosting.Diagnostics[1]
      Request starting HTTP/2 POST http://ilpp/UnityILPP.PostProcessing/Ping - application/grpc -
info: Microsoft.AspNetCore.Routing.EndpointMiddleware[0]
      Executing endpoint 'gRPC - /UnityILPP.PostProcessing/Ping'
info: Microsoft.AspNetCore.Routing.EndpointMiddleware[1]
      Executed endpoint 'gRPC - /UnityILPP.PostProcessing/Ping'
info: Microsoft.AspNetCore.Hosting.Diagnostics[2]
      Request finished HTTP/2 POST http://ilpp/UnityILPP.PostProcessing/Ping - 200 - application/grpc 32.9342ms
Starting: C:\Program Files\Unity\Hub\Editor\6000.5.10f1\Editor\Data\Tools\BuildPipeline\bee_backend.exe --ipc --defer-dag-verification --dagfile="Library/Bee/1900b0aE.dag" --continue-on-failure --profile="Library/Bee/backend1.traceevents" ScriptAssemblies
WorkingDir: C:/Users/KCC/Desktop/helloworld3
info: Microsoft.AspNetCore.Hosting.Diagnostics[1]
      Request starting HTTP/2 POST http://ilpp/UnityILPP.PostProcessing/ConfigurePostProcessors - application/grpc -
info: Microsoft.AspNetCore.Routing.EndpointMiddleware[0]
      Executing endpoint 'gRPC - /UnityILPP.PostProcessing/ConfigurePostProcessors'
warn: Unity.ILPP.Runner.PostProcessingAssemblyLoadContext[0]
      Assembly system.runtime.interopservices.windowsruntime has duplicate hint path. Ignoring "C:\Program Files\Unity\Hub\Editor\6000.5.10f1\Editor\Data\UnityReferenceAssemblies\unity-4.8-api\Facades\System.Runtime.InteropServices.WindowsRuntime.dll" in favor of "C:\Program Files\Unity\Hub\Editor\6000.5.10f1\Editor\Data\NetStandard\Extensions\2.0.0\System.Runtime.InteropServices.WindowsRuntime.dll"
warn: Unity.ILPP.Runner.PostProcessingAssemblyLoadContext[0]
      Assembly system.componentmodel.composition has duplicate hint path. Ignoring "C:\Program Files\Unity\Hub\Editor\6000.5.10f1\Editor\Data\UnityReferenceAssemblies\unity-4.8-api\System.ComponentModel.Composition.dll" in favor of "C:\Program Files\Unity\Hub\Editor\6000.5.10f1\Editor\Data\NetStandard\compat\2.1.0\shims\netfx\System.ComponentModel.Composition.dll"
info: Unity.ILPP.Runner.PostProcessingAssemblyLoadContext[0]
      Resolved Unity.Burst.Cecil, Version=0.11.6.0, Culture=neutral, PublicKeyToken=50cebf1cceb9d05e with Library\PackageCache\com.unity.burst@2f3d916873ea\Unity.Burst.CodeGen\Unity.Burst.Cecil.dll
info: Unity.ILPP.Runner.PostProcessingAssemblyLoadContext[0]
      Resolved Mono.Cecil, Version=0.11.5.0, Culture=neutral, PublicKeyToken=50cebf1cceb9d05e with Library\PackageCache\com.unity.nuget.mono-cecil@ecb9724e46ff\Mono.Cecil.dll
info: Microsoft.AspNetCore.Routing.EndpointMiddleware[1]
      Executed endpoint 'gRPC - /UnityILPP.PostProcessing/ConfigurePostProcessors'
info: Microsoft.AspNetCore.Hosting.Diagnostics[2]
      Request finished HTTP/2 POST http://ilpp/UnityILPP.PostProcessing/ConfigurePostProcessors - 200 - application/grpc 80.2456ms
ExitCode: 0 Duration: 0s557ms
[ 872/1122  0s] ILPP-Configuration Library/ilpp-configuration.nevergeneratedoutput
*** Tundra build success (0.44 seconds), 1 items updated, 1122 evaluated
AssetDatabase: script compilation time: 2.160034s
Begin MonoManager ReloadAssembly
Importing 'GUID: 124ed5bfded6a354e9f929acd97ee5fd - Path: Assets/_Recovery' with importer (DefaultImporter)
Imported 'GUID: 124ed5bfded6a354e9f929acd97ee5fd' -> (Import Result ID: '4b16a19e2d7d61ab03b2d1db992a32ff') in 0.016 seconds [static dependencies only]. Details - ImportResultOutputID=bba50ebfccb5716c19a298e490f62ad5 DependenciesID=919db587437231a72db6c9530aeb39b1 StaticDependenciesID=ed81271ce29a2572b45b662b7bb40a90 
Refreshing native plugins compatible for Editor in 7.85 ms, found 5 plugins.
Native extension for WindowsStandalone target not found
Refreshing native plugins compatible for Editor in 3.77 ms, found 5 plugins.
ScheduleIndexationOnStartup MainProcess:True IndexOnStartup:True
Mono: successfully reloaded assembly
- Finished resetting the current domain, in  4.103 seconds
Domain Reload Profiling: 5471ms
	BeginReloadAssembly (413ms)
		DisableScriptedObjects (55ms)
		CreateAndSetChildDomain (168ms)
	RebuildCommonClasses (10ms)
	RebuildNativeTypeToScriptingClass (20ms)
	initialDomainReloadingComplete (82ms)
	LoadAllAssembliesAndSetupDomain (842ms)
		LoadAssemblies (495ms)
		AnalyzeDomain (320ms)
			TypeCache.Refresh (221ms)
				TypeCache.ScanAssembly (208ms)
			BuildScriptInfoCaches (87ms)
			ResolveRequiredComponents (9ms)
	FinalizeReload (4104ms)
		SetupLoadedEditorAssemblies (0ms)
			BeforeProcessingInitializeOnLoad (108ms)
			ProcessInitializeOnLoadAttributes (3277ms)
			ProcessInitializeOnLoadMethodAttributes (392ms)
			AfterProcessingInitializeOnLoad (13ms)
		AwakeInstancesAfterBackupRestoration (29ms)
Importing 'GUID: d333bdb52deed5e488ea1faf3316b31c - Path: Assets/_Recovery/0.unity' with importer (DefaultImporter)
Imported 'GUID: d333bdb52deed5e488ea1faf3316b31c' -> (Import Result ID: '95f49d1377f33f512e32af710d66918a') in 0.015 seconds [static dependencies only]. Details - ImportResultOutputID=46c5c8b543003b2d616059120e00bc6d DependenciesID=0eb53200c28764066dc80612e0464e4e StaticDependenciesID=becbc23e1b2ab16747eae6cfb1b3f758 
Starting new worker id: 0 with log in C:/Users/KCC/Desktop/helloworld3/Logs/AssetImportWorkerHW0.log
Opening scene 'Assets/_Recovery/0.unity'
Unloading 0 Unused Serialized files (Serialized files now loaded: 0)
Loaded scene 'Assets/_Recovery/0.unity'
	Deserialize:            4.998 ms
	Integration:            235.908 ms
	Integration of assets:  0.008 ms
	Thread Wait Time:       0.027 ms
	Total Operation Time:   240.941 ms
Unloading 7345 unused Assets / (3.3 MB). Loaded Objects now: 8386.
Memory consumption went from 380.5 MB to 377.2 MB.
Total: 13.266400 ms (FindLiveObjects: 1.164100 ms CreateObjectMapping: 1.991900 ms MarkObjects: 6.707800 ms  DeleteObjects: 3.395600 ms)

Unloading 1 Unused Serialized files (Serialized files now loaded: 0)
Loaded scene 'Temp/__Backupscenes/0.backup'
	Deserialize:            0.345 ms
	Integration:            179.461 ms
	Integration of assets:  0.002 ms
	Thread Wait Time:       0.014 ms
	Total Operation Time:   179.823 ms
Unloading 0 unused Assets / (0 B). Loaded Objects now: 8379.
Memory consumption went from 373.4 MB to 373.4 MB.
Total: 7.254700 ms (FindLiveObjects: 0.457100 ms CreateObjectMapping: 0.378100 ms MarkObjects: 6.385300 ms  DeleteObjects: 0.033000 ms)

Importing 'GUID: d333bdb52deed5e488ea1faf3316b31c - Path: Assets/_Recovery/0.unity' with importer (DefaultImporter)
Imported 'GUID: d333bdb52deed5e488ea1faf3316b31c' -> (Import Result ID: '25b4d03e7e9c50c7281e51a12831cb57') in 0.001 seconds [static dependencies only]. Details - ImportResultOutputID=46c5c8b543003b2d616059120e00bc6d DependenciesID=335c7df3340990fb7b7caba484878468 StaticDependenciesID=4467227aa5b2985e561d3e237b5c8634 
Refreshing native plugins compatible for Editor in 3.55 ms, found 5 plugins.

Asset Pipeline Refresh (id=ce3a0694d5a53e241a1679334672328c): Total: 9.596 seconds - Initiated by InitialRefreshV2(ForceSynchronousImport)
	(Values over 0.05ms)
	Summary:
		Imports: total=3 (actual=3, local cache=0, cache server=0)
		Asset DB Process Time: managed=6 ms, native=5572 ms
		Asset DB Callback time: managed=253 ms, native=44 ms
		Scripting: domain reloads=1, domain reload time=1458 ms, compile time=2162 ms, other=97 ms
		Project Asset Count: scripts=1598, non-scripts=3136
		Asset File Changes: new=2, changed=3, moved=0, deleted=0
		Scan Filter Count: 0
	InvokePackagesCallback: 36.129ms
	ApplyChangesToAssetFolders: 0.924ms
	Scan: 275.131ms
	Collect global state as custom dependencies: 21.678ms
	OnSourceAssetsModified: 1.388ms
	CategorizeScriptCompilationAssets: 82.347ms
	ProcessAssetsWithTransientArtifactChanges: 87.019ms
	CategorizeAssets: 77.394ms
	CompileScripts: 2162.455ms
	ImportOutOfDateAssets: 4748.709ms (4610.080ms without children)
		ImportManagerImport: 35.477ms (1.737ms without children)
			UpdateCategorizedAssets: 0.075ms
		ReloadNativeAssets: 0.060ms
		UnloadImportedAssets: 1.117ms
		EnsureUptoDateAssetsAreRegisteredWithGuidPM: 1.463ms
		ImportSchedulerStart: 100.493ms
	PostProcessAllAssets: 259.247ms
		XRBuildSystem.XRAssetImported 7.313ms
		VersionControlSettings.HiddenFilePostprocess 0.127ms
		MonoPostProcessAllAssets: 251.140ms
			AssetPostprocessor.OnPostprocessAllAssets 155.832ms
			StyleCatalogPostProcessor.OnPostprocessAllAssets 20.793ms
			UniversalRenderPipelineGlobalSettingsPostprocessor.OnPostprocessAllAssets 11.580ms
			AssetChangedListener.OnPostprocessAllAssets 8.311ms
			BuilderAssetPostprocessor.OnPostprocessAllAssets 7.796ms
			SyncVS.PostprocessSyncProject 7.029ms
			WindowAssetPostprocessingWatcher.OnPostprocessAllAssets 2.177ms
			SpeedTree9Postprocessor.OnPostprocessAllAssets 2.103ms
			ShaderGraphAssetPostProcessor.OnPostprocessAllAssets 1.839ms
			RetainedModeAssetPostprocessor.OnPostprocessAllAssets 1.355ms
			MaterialPostprocessor.OnPostprocessAllAssets 0.855ms
			AssetProcessor.OnPostprocessAllAssets 0.828ms
			RenderPipelineGlobalSettingsPostprocessor.OnPostprocessAllAssets 0.800ms
			PostProcessor.OnPostprocessAllAssets 0.655ms
			EditModeScopePostprocessor.OnPostprocessAllAssets 0.653ms
			SpriteEditorTexturePostprocessor.OnPostprocessAllAssets 0.639ms
			ReferencedClipsPostProcessor.OnPostprocessAllAssets 0.598ms
			ArtifactBrowserPostProcessor.OnPostprocessAllAssets 0.588ms
			ShaderReflectionAssetPostProcessor.OnPostprocessAllAssets 0.585ms
			SpriteSlicePostprocessor.OnPostprocessAllAssets 0.527ms
			AssetEvents.OnPostprocessAllAssets 0.476ms
			SpriteLibraryAssetPostprocessor.OnPostprocessAllAssets 0.440ms
			InputActionAssetPostprocessor.OnPostprocessAllAssets 0.426ms
			SpriteShapeAssetPostProcessor.OnPostprocessAllAssets 0.419ms
			TextAssetPostProcessor.OnPostprocessAllAssets 0.415ms
			UVCSAssetPostprocessor.OnPostprocessAllAssets 0.400ms
			SampleDependencyImporterPostProcessor.OnPostprocessAllAssets 0.381ms
			AudioMixerPostprocessor.OnPostprocessAllAssets 0.355ms
			InputActionJsonNameModifierAssetProcessor.OnPostprocessAllAssets 0.311ms
			TMPro_TexturePostProcessor.OnPostprocessAllAssets 0.281ms
			SamplePostprocessor.OnPostprocessAllAssets 0.278ms
			ConfigAssetsTracker.OnPostprocessAllAssets 0.275ms
			ProjectSettingsPostprocessor.OnPostprocessAllAssets 0.204ms
			TerrainToolbarOverlayPostProcessor.OnPostprocessAllAssets 0.200ms
			PSDImportPostProcessor.OnPostprocessAllAssets 0.184ms
			PSDImporterAssetPostProcessor.OnPostprocessAllAssets 0.183ms
			AssetDatabaseCallbacks.OnPostprocessAllAssets 0.165ms
			SpeedTreePostProcessor.OnPostprocessAllAssets 0.164ms
			ScenarioDriftAssetsTracker.OnPostprocessAllAssets 0.139ms
			AssetReloadNotifier.OnPostprocessAllAssets 0.115ms
			AudioContainerPostProcessor.OnPostprocessAllAssets 0.081ms
	PostAssetChangesProfiler: 5.244ms
	UnloadStreamsBegin: 3.228ms
	PersistCurrentRevisions: 0.242ms
	GenerateScriptTypeHashes: 2.021ms
	GenerateScriptTypeSerializationHashes: 3.526ms
	Untracked: 1821.013ms

Application.AssetDatabase Initial Refresh End
Launched and connected shader compiler UnityShaderCompiler.exe after 0.02 seconds
Scanning for USB devices : 2.181ms
Initializing Unity extensions:
[MODES] ModeService[none].Initialize
[MODES] ModeService[none].LoadModes
[MODES] Loading mode Default (0) for mode-current-id-2d
Unloading 24 Unused Serialized files (Serialized files now loaded: 0)
Loaded scene 'Assets/Scenes/SampleScene.unity'
	Deserialize:            2.485 ms
	Integration:            212.611 ms
	Integration of assets:  0.003 ms
	Thread Wait Time:       0.019 ms
	Total Operation Time:   215.118 ms
Unloading 74 unused Assets / (3.0 MB). Loaded Objects now: 8445.
Memory consumption went from 438.6 MB to 435.6 MB.
Total: 10.938500 ms (FindLiveObjects: 0.484300 ms CreateObjectMapping: 0.383600 ms MarkObjects: 7.409200 ms  DeleteObjects: 2.660400 ms)

[LAYOUT] About to load UserSettings\Layouts\default-6000.dwlt, keepMainWindow=False
Worker ready: AssetImportWorkerHW0 0
[LAYOUT] About to save layout C:\Users\KCC\Desktop\helloworld3\UserSettings\Layouts\default-6000.dwlt
[LAYOUT] About to save layout C:/Users/KCC/AppData/Roaming/Unity/Editor-5.x/Preferences\Layouts\current\default-6000.dwlt
[MODES] ModeService[default].InitializeCurrentMode
[MODES] ModeService[default].RaiseModeChanged(default, default)
This project uses Input Manager, which is marked for deprecation. To manage input in your project, use the <a href="https://docs.unity3d.com/Packages/com.unity.inputsystem@latest">Input System package</a> instead.
<RI> Initializing input.
Using Windows.Gaming.Input
XInput1_3.dll not found. Trying XInput9_1_0.dll instead...
<RI> Input initialized.
[Project] Loading completed in 22.841 seconds
	Project init time: 				20.223 seconds
		Template init time: 		0.000 seconds
		Package Manager init time: 		1.271 seconds
		Asset Database init time: 		0.358 seconds
		Global illumination init time: 	0.035 seconds
		Assemblies load time: 			1.684 seconds
		Unity extensions init time: 	0.028 seconds
		Asset Database refresh time: 	9.596 seconds
	Scene opening time: 			1.407 seconds
##utp:{"type":"ProjectInfo","version":2,"phase":"Immediate","time":1788668112333,"processId":15600,"projectLoad":22.8411473,"projectInit":20.222617,"templateInit":0.0,"packageManagerInit":1.270506,"assetDatabaseInit":0.3575477,"globalIlluminationInit":0.0350219,"assembliesLoad":1.6842188,"unityExtensionsInit":0.0275763,"assetDatabaseRefresh":9.5960831,"sceneOpening":1.4070088}
##utp:{"type":"EditorInfo","version":2,"phase":"Immediate","time":1788668112333,"processId":15600,"editorVersion":"6000.5.10f1 (3bd4f66ad299)","branch":"6000.5/staging","buildType":"Release","platform":"Windows"}
Asset Pipeline Refresh (id=44b4b9161670e054dab500ac56e8c4cd): Total: 0.113 seconds - Initiated by RefreshV2(AllowForceSynchronousImport)
Start Indexing on Editor startup
[Indexing] Starting Initial Indexing for Assets
Created GICache directory at C:/Users/KCC/AppData/LocalLow/Unity/Caches/GiCache. Took: 0.038s, timestamps: [24.558 - 24.596]
[Licensing::Client] Successfully resolved entitlement details
[Licensing::Client] Successfully resolved entitlement details
[Licensing::Client] Successfully updated the access token
[Licensing::Module] Successfully updated access token: "m4ptZvd6"... (expires: 2026-09-06T06:14:31Z)
[Licensing::Client] Successfully resolved entitlement details
Starting new worker id: 1 with log in C:/Users/KCC/Desktop/helloworld3/Logs/AssetImportWorkerHW1.log
[Worker0] Imported GUID: 2767337319f8a9849889a396a47982c9 - Path: Assets/Scenes/sprite/test.cs - Importer: ScriptedImporter/UnityEditor.QuickSearchModule:UnityEditor.Search:ASIAI0B -> (ImportResultId: '4670d71b0eb72d33401c3ad75516e4d0') in 0.1357861 seconds
[Worker0] Imported GUID: 4f479563286a7074b9175a1653b2d713 - Path: Assets/Scenes/sprite/gjtg.cs - Importer: ScriptedImporter/UnityEditor.QuickSearchModule:UnityEditor.Search:ASIAI0B -> (ImportResultId: 'dc73f142ad6b3a4bc2394ba9e31efdbd') in 0.0400529 seconds
[Worker0] Imported GUID: 124ed5bfded6a354e9f929acd97ee5fd - Path: Assets/_Recovery - Importer: ScriptedImporter/UnityEditor.QuickSearchModule:UnityEditor.Search:ASIAI0B -> (ImportResultId: '862d6d66277b84abc8945f079da9a3a5') in 0.0322651 seconds
[Worker0] Imported GUID: d333bdb52deed5e488ea1faf3316b31c - Path: Assets/_Recovery/0.unity - Importer: ScriptedImporter/UnityEditor.QuickSearchModule:UnityEditor.Search:ASIAI0B -> (ImportResultId: 'd8094745ec7aa61b824a1942b24dc6b5') in 0.027839 seconds
UPID Received '3a01e64d-8bb3-49aa-b85c-e7801a30071f'.
[Licensing::Client] Successfully resolved entitlement details
Worker ready: AssetImportWorkerHW1 1
MonoPathRemapper: Attempts to remap: 55633; Successful remaps: 23516
Serialized file version minimum: 23, current 23
[LAYOUT] About to save layout C:\Users\KCC\Desktop\helloworld3\UserSettings\Layouts\default-6000.dwlt
[LAYOUT] About to save layout C:/Users/KCC/AppData/Roaming/Unity/Editor-5.x/Preferences\Layouts\current\default-6000.dwlt
Input System module state changed to: ShutdownInProgress.
Input Polling Thread exited.
Input System module state changed to: Shutdown.
[Physics::Module] Cleanup current backend.
[Physics::Module] Id: 0xf2b8ea05
[Licensing::IpcConnector] LicenseClient-KCC-6000.5.10-notifications channel disconnected successfully.
[Licensing::IpcConnector] LicenseClient-KCC-6000.5.10 channel disconnected successfully.
Lingering sessions upon destruction of worker manager
AcceleratorClientConnectionCallback - disconnected - :0
Cleanup mono
CodeReloadManager destroyed
abort_threads: Failed aborting id: 0000000000004B98, mono_thread_manage will ignore it

abort_threads: Failed aborting id: 0000000000004B14, mono_thread_manage will ignore it

abort_threads: Failed aborting id: 0000000000004B98, mono_thread_manage will ignore it

abort_threads: Failed aborting id: 0000000000004B14, mono_thread_manage will ignore it

debugger-agent: Unable to listen on 4876
Checking for leaked weakptr:
  Found no leaked weakptrs.
[Package Manager] Server process was shutdown
##utp:{"type":"MemoryLeaks","version":2,"phase":"Immediate","time":1788668129220,"processId":15600,"allocatedMemory":52591545,"memoryLabels":[{"Default":205883},{"Permanent":15516},{"NewDelete":65165},{"Thread":4205432},{"Manager":819720},{"VertexData":8},{"Geometry":816},{"Texture":24},{"Shader":865097},{"Material":24},{"GfxDevice":61400},{"GfxThread":768},{"Animation":952},{"Audio":1544},{"FreeType":8},{"FontEngine":736},{"Physics":2146},{"Physics2D":16},{"Serialization":116400},{"Input":45280},{"JobScheduler":256},{"TextLib":19030},{"Mono":48},{"MonoCode":192},{"ScriptingNativeRuntime":1586772},{"BaseObject":1621960},{"Resource":1208},{"Renderer":3080},{"Transform":4685},{"File":6970},{"WebCam":616},{"Culling":32},{"Terrain":11442},{"Wind":24},{"STL":40},{"String":9849},{"StaticString":3808},{"Utility":2673426},{"Curl":48},{"PoolAlloc":2360},{"AI":80},{"TypeTree":14869},{"CodeReload":448},{"RuntimeInitializeOnLoadManager":64},{"Sprites":102},{"SpriteAtlas":120},{"GI":7816},{"Director":8296},{"CloudService":7208},{"WebRequest":9763},{"VR":47114},{"SceneManager":608},{"Video":208},{"LazyScriptCache":32},{"NativeArray":33048284},{"Camera":17},{"Secure":265},{"SerializationCache":1576},{"APIUpdating":10320},{"Subsystems":336},{"VirtualTexturing":57888},{"StaticSafetyDebugInfo":278528},{"Analytics":728},{"Hierarchy":1176},{"UIElements":1149704},{"CoreStats":13688},{"Identifiers":6768},{"Gui":267736},{"EditorUtility":197783},{"VersionControl":8},{"Undo":931},{"AssetDatabase":5053179},{"AssetImporter":40},{"EditorGi":328},{"UnityConnect":35386},{"Upm":1988},{"UpmDiagnostics":8},{"AssetCompliance":64},{"DrivenProperties":72},{"LocalIPC":219},{"ProfilerEditor":9746},{"CoreBusinessMetrics":3478},{"Windowing":456},{"Licensing":1376},{"AssetReference":32},{"IPCStream":32}]}
